 ILU

 Timestamp is 546754b7 (Sat Nov 15 14:27:19 2014)

 Preferred load address is 10000000

 Start         Length     Name                   Class
 0001:00000000 0000af1eH .text                   CODE
 0002:00000000 00000124H .idata$5                DATA
 0002:00000124 00000004H .CRT$XCA                DATA
 0002:00000128 00000004H .CRT$XCZ                DATA
 0002:0000012c 00000004H .CRT$XIA                DATA
 0002:00000130 00000004H .CRT$XIAA               DATA
 0002:00000134 00000004H .CRT$XIC                DATA
 0002:00000138 00000004H .CRT$XIZ                DATA
 0002:00000140 00002678H .rdata                  DATA
 0002:000027b8 0000004dH .rdata$debug            DATA
 0002:00002810 00000004H .rdata$sxdata           DATA
 0002:00002814 00000004H .rtc$IAA                DATA
 0002:00002818 00000004H .rtc$IZZ                DATA
 0002:0000281c 00000004H .rtc$TAA                DATA
 0002:00002820 00000004H .rtc$TZZ                DATA
 0002:00002828 00000064H .xdata$x                DATA
 0002:0000288c 0000003cH .idata$2                DATA
 0002:000028c8 00000014H .idata$3                DATA
 0002:000028dc 00000124H .idata$4                DATA
 0002:00002a00 0000049eH .idata$6                DATA
 0002:00002ea0 000008acH .edata                  DATA
 0003:00000000 00000370H .data                   DATA
 0003:00000370 000004a0H .bss                    DATA

  Address         Publics by Value              Rva+Base       Lib:Object

 0000:00000000       __except_list              00000000     <absolute>
 0000:00000001       ___safe_se_handler_count   00000001     <absolute>
 0000:00009876       __fltused                  00009876     <absolute>
 0000:00009876       __ldused                   00009876     <absolute>
 0000:00000000       ___ImageBase               10000000     <linker-defined>
 0001:00000000       ?iluErrorString@@YGPB_WI@Z 10001000 f   ilu_api1.obj
 0001:00000010       ?iluPixelize@@YGEI@Z       10001010 f   ilu_api1.obj
 0001:00000030       ?iluEdgeDetectP@@YGEXZ     10001030 f   ilu_api1.obj
 0001:00000040       ?iluEdgeDetectS@@YGEXZ     10001040 f   ilu_api1.obj
 0001:00000050       ?iluBlurAvg@@YGEI@Z        10001050 f   ilu_api1.obj
 0001:00000070       ?iluBlurGaussian@@YGEI@Z   10001070 f   ilu_api1.obj
 0001:00000090       ?iluEmboss@@YGEXZ          10001090 f   ilu_api1.obj
 0001:000000a0       ?iluEdgeDetectE@@YGEXZ     100010a0 f   ilu_api1.obj
 0001:000000b0       ?iluScaleAlpha@@YGEM@Z     100010b0 f   ilu_api1.obj
 0001:000000d0       ?iluScaleColours@@YGEMMM@Z 100010d0 f   ilu_api1.obj
 0001:00000100       ?iluGammaCorrect@@YGEM@Z   10001100 f   ilu_api1.obj
 0001:00000120       ?iluSaturate1f@@YGEM@Z     10001120 f   ilu_api1.obj
 0001:00000160       ?iluSaturate4f@@YGEMMMM@Z  10001160 f   ilu_api1.obj
 0001:000001a0       ?iluAlienify@@YGEXZ        100011a0 f   ilu_api1.obj
 0001:000001b0       ?iluContrast@@YGEM@Z       100011b0 f   ilu_api1.obj
 0001:000001d0       ?iluSharpen@@YGEMI@Z       100011d0 f   ilu_api1.obj
 0001:000001f0       ?iluConvolution@@YGEPAHHH@Z 100011f0 f   ilu_api1.obj
 0001:00000210       ?iluEnlargeImage@@YGEMMM@Z 10001210 f   ilu_api1.obj
 0001:00000240       ?iluScale@@YGEIII@Z        10001240 f   ilu_api1.obj
 0001:00000260       ?iluCompareImage@@YGEI@Z   10001260 f   ilu_api1.obj
 0001:000002a0       ?iluLoadImage@@YGIPB_W@Z   100012a0 f   ilu_api1.obj
 0001:000002f0       ?iluCrop@@YGEIIIIII@Z      100012f0 f   ilu_api1.obj
 0001:00000340       ?iluEnlargeCanvas@@YGEIII@Z 10001340 f   ilu_api1.obj
 0001:00000360       ?iluFlipImage@@YGEXZ       10001360 f   ilu_api1.obj
 0001:000003a0       ?iluMirror@@YGEXZ          100013a0 f   ilu_api1.obj
 0001:000003b0       ?iluInvertAlpha@@YGEXZ     100013b0 f   ilu_api1.obj
 0001:000003c0       ?iluNegative@@YGEXZ        100013c0 f   ilu_api1.obj
 0001:000003d0       ?iluWave@@YGEM@Z           100013d0 f   ilu_api1.obj
 0001:000003f0       ?iluSwapColours@@YGEXZ     100013f0 f   ilu_api1.obj
 0001:00000400       ?iluColoursUsed@@YGIXZ     10001400 f   ilu_api1.obj
 0001:00000410       ?iluReplaceColour@@YGEEEEM@Z 10001410 f   ilu_api1.obj
 0001:00000440       ?iluEqualize@@YGEXZ        10001440 f   ilu_api1.obj
 0001:00000450       ?iluBuildMipmaps@@YGEXZ    10001450 f   ilu_api1.obj
 0001:000004a0       ?iluNoisify@@YGEM@Z        100014a0 f   ilu_api1.obj
 0001:000004c0       ?iluGetIntegerv@@YGXIPAH@Z 100014c0 f   ilu_api1.obj
 0001:000004c0       ?ilu2GetIntegerv@@YGXIPAH@Z 100014c0 f   ilu_states.obj
 0001:00000500       ?ilu2Init@@YGXXZ           10001500 f   ilu_main.obj
 0001:00000500       ?iluInit@@YGXXZ            10001500 f   ilu_api1.obj
 0001:00000530       ?iluRotate3D@@YGEMMMM@Z    10001530 f   ilu_api1.obj
 0001:00000540       ?iluRotate@@YGEM@Z         10001540 f   ilu_api1.obj
 0001:00000560       ?ilu2ErrorString@@YGPB_WI@Z 10001560 f   ilu_error.obj
 0001:000005d0       ?ilu2SetLanguage@@YGEI@Z   100015d0 f   ilu_error.obj
 0001:000005d0       ?iluSetLanguage@@YGEI@Z    100015d0 f   ilu_api1.obj
 0001:00000630       ?setRGBA@ILpal@@QAEEIEEEE@Z 10001630 f i ilu_filter.obj
 0001:000006a0       ?setRGB@ILpal@@QAEEIEEE@Z  100016a0 f i ilu_filter.obj
 0001:000006f0       ?getRGB@ILpal@@QAEEIAAE00@Z 100016f0 f i ilu_filter.obj
 0001:00000750       ?ilu2Pixelize@@YGEPAUILimage@@I@Z 10001750 f   ilu_filter.obj
 0001:000012a0       ?Filter@@YAPAEPAUILimage@@PBHHH@Z 100022a0 f   ilu_filter.obj
 0001:00001d30       ?ilu2EdgeDetectP@@YGEPAUILimage@@@Z 10002d30 f   ilu_filter.obj
 0001:00001ef0       ?ilu2EdgeDetectS@@YGEPAUILimage@@@Z 10002ef0 f   ilu_filter.obj
 0001:000020b0       ?ilu2BlurAvg@@YGEPAUILimage@@I@Z 100030b0 f   ilu_filter.obj
 0001:000021a0       ?ilu2BlurGaussian@@YGEPAUILimage@@I@Z 100031a0 f   ilu_filter.obj
 0001:00002290       ?ilu2Emboss@@YGEPAUILimage@@@Z 10003290 f   ilu_filter.obj
 0001:00002370       ?ilu2EdgeDetectE@@YGEPAUILimage@@@Z 10003370 f   ilu_filter.obj
 0001:00002450       ?ilu2ScaleAlpha@@YGEPAUILimage@@M@Z 10003450 f   ilu_filter.obj
 0001:000025c0       ?ilu2ScaleColours@@YGEPAUILimage@@MMM@Z 100035c0 f   ilu_filter.obj
 0001:00002b90       ?ilu2GammaCorrect@@YGEPAUILimage@@M@Z 10003b90 f   ilu_filter.obj
 0001:00002e80       ?iApplyMatrix@@YAXPAUILimage@@QAY03M@Z 10003e80 f   ilu_filter.obj
 0001:00003090       ?ilu2Saturate4f@@YGEPAUILimage@@MMMM@Z 10004090 f   ilu_filter.obj
 0001:00003140       ?ilu2Saturate1f@@YGEPAUILimage@@M@Z 10004140 f   ilu_filter.obj
 0001:00003180       ?ilu2Alienify@@YGEPAUILimage@@@Z 10004180 f   ilu_filter.obj
 0001:000033c0       ?iIntExtImg@@YAXPAUILimage@@0M@Z 100043c0 f   ilu_filter.obj
 0001:00003430       ?ilu2Contrast@@YGEPAUILimage@@M@Z 10004430 f   ilu_filter.obj
 0001:00003510       ?ilu2Sharpen@@YGEPAUILimage@@MI@Z 10004510 f   ilu_filter.obj
 0001:000035d0       ?ilu2Convolution@@YGEPAUILimage@@PAHHH@Z 100045d0 f   ilu_filter.obj
 0001:000036b0       ?filter@@YANN@Z            100046b0 f   ilu_filter_rcg.obj
 0001:000036f0       ?box_filter@@YANN@Z        100046f0 f   ilu_filter_rcg.obj
 0001:00003720       ?triangle_filter@@YANN@Z   10004720 f   ilu_filter_rcg.obj
 0001:00003750       ?bell_filter@@YANN@Z       10004750 f   ilu_filter_rcg.obj
 0001:000037b0       ?B_spline_filter@@YANN@Z   100047b0 f   ilu_filter_rcg.obj
 0001:00003810       ?Lanczos3_filter@@YANN@Z   10004810 f   ilu_filter_rcg.obj
 0001:000038c0       ?Mitchell_filter@@YANN@Z   100048c0 f   ilu_filter_rcg.obj
 0001:00003950       ?calc_x_contrib@@YAHPAUCLIST@@NNHHP6ANN@ZH@Z 10004950 f   ilu_filter_rcg.obj
 0001:00003b50       ?zoom@@YAHPAUILimage@@0P6ANN@ZN@Z 10004b50 f   ilu_filter_rcg.obj
 0001:00004230       ?ilu2ScaleAdvanced@@YAIPAUILimage@@III@Z 10005230 f   ilu_filter_rcg.obj
 0001:000043d0       _DllMain@12                100053d0 f   ilu_main.obj
 0001:000043e0       ?ilu2LoadImage@@YGPAUILimage@@PB_W@Z 100053e0 f   ilu_main.obj
 0001:00004420       ?ilu2Crop2D@@YAEPAUILimage@@IIII@Z 10005420 f   ilu_manip.obj
 0001:00004550       ?ilu2Crop3D@@YAEPAUILimage@@IIIIII@Z 10005550 f   ilu_manip.obj
 0001:000046e0       ?ilu2Crop@@YGEPAUILimage@@IIIIII@Z 100056e0 f   ilu_manip.obj
 0001:00004730       ?ilu2EnlargeCanvas@@YGEPAUILimage@@III@Z 10005730 f   ilu_manip.obj
 0001:00004940       ?ilu2FlipImage@@YGEPAUILimage@@@Z 10005940 f   ilu_manip.obj
 0001:00004980       ?ilu2Mirror@@YGEPAUILimage@@@Z 10005980 f   ilu_manip.obj
 0001:00004990       ?ilu2InvertAlpha@@YGEPAUILimage@@@Z 10005990 f   ilu_manip.obj
 0001:00004b80       ?ilu2Negative@@YGEPAUILimage@@@Z 10005b80 f   ilu_manip.obj
 0001:00004d90       ?ilu2Wave@@YGEPAUILimage@@M@Z 10005d90 f   ilu_manip.obj
 0001:00004f30       ?ilu2SwapColours@@YGEPAUILimage@@@Z 10005f30 f   ilu_manip.obj
 0001:000050c0       ?ilu2ColoursUsed@@YGIPAUILimage@@@Z 100060c0 f   ilu_manip.obj
 0001:00005360       ?ilu2CompareImage@@YGEPAUILimage@@0@Z 10006360 f   ilu_manip.obj
 0001:00005400       ?ilu2ReplaceColour@@YGEPAUILimage@@EEEM@Z 10006400 f   ilu_manip.obj
 0001:00005690       ?ilu2Equalize@@YGEPAUILimage@@@Z 10006690 f   ilu_manip.obj
 0001:00005a40       ?iBuildMipmaps@@YAEPAUILimage@@III@Z 10006a40 f   ilu_mipmap.obj
 0001:00005ac0       ?ilu2BuildMipmaps@@YGEPAUILimage@@@Z 10006ac0 f   ilu_mipmap.obj
 0001:00005b20       ?ilu2Noisify@@YGEPAUILimage@@M@Z 10006b20 f   ilu_noise.obj
 0001:00005dc0       ?MakeEdgeRec@@YAXUILpointi@@0HPAUEdge@@QAPAU2@@Z 10006dc0 f   ilu_region.obj
 0001:00005e30       ?BuildEdgeList@@YAXIPAUILpointi@@PAPAUEdge@@@Z 10006e30 f   ilu_region.obj
 0001:00005f50       ?FillScan@@YAXPAUILimage@@HPAUEdge@@@Z 10006f50 f   ilu_region.obj
 0001:00005fd0       ?ResortActiveList@@YAXPAUEdge@@@Z 10006fd0 f   ilu_region.obj
 0001:00006020       ?iScanFill@@YAPAEPAUILimage@@@Z 10007020 f   ilu_region.obj
 0001:000062e0       ?use@ILpal@@QAEEHPAEI@Z    100072e0 f i ilu_rotate.obj
 0001:000063e0       ??4ILpal@@QAEXABV0@@Z      100073e0 f i ilu_rotate.obj
 0001:00006430       ?ilu2Rotate3D@@YGEPAUILimage@@MMMM@Z 10007430 f   ilu_rotate.obj
 0001:00006440       ?ilu2Rotate_@@YGPAUILimage@@PAU1@M@Z 10007440 f   ilu_rotate.obj
 0001:00007470       ?iluRotate3D_@@YGPAUILimage@@PAU1@MMMM@Z 10008470 f   ilu_rotate.obj
 0001:00007480       ?ilu2Rotate@@YGEPAUILimage@@M@Z 10008480 f   ilu_rotate.obj
 0001:00007560       ?ilu2EnlargeImage@@YGEPAUILimage@@MMM@Z 10008560 f   ilu_scale.obj
 0001:00007650       ?ilu2Scale@@YGEPAUILimage@@III@Z 10008650 f   ilu_scale.obj
 0001:00007860       ?iluScale_@@YGPAUILimage@@PAU1@III@Z 10008860 f   ilu_scale.obj
 0001:00007980       ?iluScale1D_@@YAPAUILimage@@PAU1@0I@Z 10008980 f   ilu_scale.obj
 0001:00007fe0       ?iluScale2D_@@YAPAUILimage@@PAU1@0II@Z 10008fe0 f   ilu_scale2d.obj
 0001:000080b0       ?iluScale2DNear_@@YAPAUILimage@@PAU1@0II@Z 100090b0 f   ilu_scale2d.obj
 0001:00008500       ?iluScale2DLinear_@@YAPAUILimage@@PAU1@0II@Z 10009500 f   ilu_scale2d.obj
 0001:00008c10       ?iluScale2DBilinear_@@YAPAUILimage@@PAU1@0II@Z 10009c10 f   ilu_scale2d.obj
 0001:00009df0       ?iluScale3D_@@YAPAUILimage@@PAU1@0III@Z 1000adf0 f   ilu_scale3d.obj
 0001:00009eb0       ?iluScale3DNear_@@YAPAUILimage@@PAU1@0III@Z 1000aeb0 f   ilu_scale3d.obj
 0001:0000a4b0       ?ilu2GetString@@YGPA_WI@Z  1000b4b0 f   ilu_states.obj
 0001:0000a4b0       ?iluGetString@@YGPA_WI@Z   1000b4b0 f   ilu_api1.obj
 0001:0000a4f0       ?ilu2GetInteger@@YGHI@Z    1000b4f0 f   ilu_states.obj
 0001:0000a4f0       ?iluGetInteger@@YGHI@Z     1000b4f0 f   ilu_api1.obj
 0001:0000a530       ?ilu2ImageParameter@@YGXII@Z 1000b530 f   ilu_states.obj
 0001:0000a530       ?iluImageParameter@@YGXII@Z 1000b530 f   ilu_api1.obj
 0001:0000a587       @__security_check_cookie@4 1000b587 f   msvcrt:secchk.obj
 0001:0000a5e4       __CRT_INIT@12              1000b5e4 f   msvcrt:crtdll.obj
 0001:0000a904       __DllMainCRTStartup@12     1000b904 f   msvcrt:crtdll.obj
 0001:0000a927       ___report_gsfailure        1000b927 f   msvcrt:gs_report.obj
 0001:0000aa2d       ___clean_type_info_names   1000ba2d f   msvcrt:tncleanup.obj
 0001:0000aa39       __onexit                   1000ba39 f   msvcrt:atonexit.obj
 0001:0000aada       _atexit                    1000bada f   msvcrt:atonexit.obj
 0001:0000aaf1       __RTC_Initialize           1000baf1 f   msvcrt:_initsect_.obj
 0001:0000ab17       __RTC_Terminate            1000bb17 f   msvcrt:_initsect_.obj
 0001:0000ab40       __ValidateImageBase        1000bb40 f   msvcrt:pesect.obj
 0001:0000ab80       __FindPESection            1000bb80 f   msvcrt:pesect.obj
 0001:0000abd0       __IsNonwritableInCurrentImage 1000bbd0 f   msvcrt:pesect.obj
 0001:0000ac8c       __initterm                 1000bc8c f   msvcrt:MSVCR100.dll
 0001:0000ac92       __initterm_e               1000bc92 f   msvcrt:MSVCR100.dll
 0001:0000ac98       __amsg_exit                1000bc98 f   msvcrt:MSVCR100.dll
 0001:0000ac9e       ___CppXcptFilter           1000bc9e f   msvcrt:MSVCR100.dll
 0001:0000acb0       __SEH_prolog4              1000bcb0 f   msvcrt:sehprolg4.obj
 0001:0000acf5       __SEH_epilog4              1000bcf5 f   msvcrt:sehprolg4.obj
 0001:0000ad09       __except_handler4          1000bd09 f   msvcrt:chandler4gs.obj
 0001:0000ad2e       ___security_init_cookie    1000bd2e f   msvcrt:gs_support.obj
 0001:0000adca       __crt_debugger_hook        1000bdca f   msvcrt:MSVCR100.dll
 0001:0000add0       ___clean_type_info_names_internal 1000bdd0 f   msvcrt:MSVCR100.dll
 0001:0000add6       __unlock                   1000bdd6 f   msvcrt:MSVCR100.dll
 0001:0000addc       ___dllonexit               1000bddc f   msvcrt:MSVCR100.dll
 0001:0000ade2       __lock                     1000bde2 f   msvcrt:MSVCR100.dll
 0001:0000ade8       __except_handler4_common   1000bde8 f   msvcrt:MSVCR100.dll
 0001:0000adf0       __CIcos                    1000bdf0 f   msvcrt:MSVCR100.dll
 0001:0000ae00       __ftol2_sse                1000be00 f   msvcrt:ftol2.obj
 0001:0000ae09       __ftol2_pentium4           1000be09 f   msvcrt:ftol2.obj
 0001:0000ae1c       __ftol2_sse_excpt          1000be1c f   msvcrt:ftol2.obj
 0001:0000ae36       __ftol2                    1000be36 f   msvcrt:ftol2.obj
 0001:0000aeac       __CIsin                    1000beac f   msvcrt:MSVCR100.dll
 0001:0000aeb2       __CIfmod                   1000beb2 f   msvcrt:MSVCR100.dll
 0001:0000aeb8       _memset                    1000beb8 f   msvcrt:MSVCR100.dll
 0001:0000aebe       _memcpy                    1000bebe f   msvcrt:MSVCR100.dll
 0001:0000aed0       __alloca_probe             1000bed0     msvcrt:chkstk.obj
 0001:0000aed0       __chkstk                   1000bed0 f   msvcrt:chkstk.obj
 0001:0000aefc       __CIsqrt                   1000befc f   msvcrt:MSVCR100.dll
 0001:0000af02       _floor                     1000bf02 f   msvcrt:MSVCR100.dll
 0001:0000af08       __CIpow                    1000bf08 f   msvcrt:MSVCR100.dll
 0001:0000af0e       ___sse2_available_init     1000bf0e f   msvcrt:cpu_disp.obj
 0002:00000000       __imp__IsProcessorFeaturePresent@4 1000c000     kernel32:KERNEL32.dll
 0002:00000004       __imp__DecodePointer@4     1000c004     kernel32:KERNEL32.dll
 0002:00000008       __imp__InterlockedExchange@8 1000c008     kernel32:KERNEL32.dll
 0002:0000000c       __imp__Sleep@4             1000c00c     kernel32:KERNEL32.dll
 0002:00000010       __imp__InterlockedCompareExchange@12 1000c010     kernel32:KERNEL32.dll
 0002:00000014       __imp__TerminateProcess@8  1000c014     kernel32:KERNEL32.dll
 0002:00000018       __imp__GetCurrentProcess@0 1000c018     kernel32:KERNEL32.dll
 0002:0000001c       __imp__UnhandledExceptionFilter@4 1000c01c     kernel32:KERNEL32.dll
 0002:00000020       __imp__SetUnhandledExceptionFilter@4 1000c020     kernel32:KERNEL32.dll
 0002:00000024       __imp__GetSystemTimeAsFileTime@4 1000c024     kernel32:KERNEL32.dll
 0002:00000028       __imp__GetCurrentProcessId@0 1000c028     kernel32:KERNEL32.dll
 0002:0000002c       __imp__GetCurrentThreadId@0 1000c02c     kernel32:KERNEL32.dll
 0002:00000030       __imp__GetTickCount@0      1000c030     kernel32:KERNEL32.dll
 0002:00000034       __imp__QueryPerformanceCounter@4 1000c034     kernel32:KERNEL32.dll
 0002:00000038       __imp__IsDebuggerPresent@0 1000c038     kernel32:KERNEL32.dll
 0002:0000003c       __imp__EncodePointer@4     1000c03c     kernel32:KERNEL32.dll
 0002:00000040       \177KERNEL32_NULL_THUNK_DATA 1000c040     kernel32:KERNEL32.dll
 0002:00000044       __imp___CIsin              1000c044     msvcrt:MSVCR100.dll
 0002:00000048       __imp___CIfmod             1000c048     msvcrt:MSVCR100.dll
 0002:0000004c       __imp__memset              1000c04c     msvcrt:MSVCR100.dll
 0002:00000050       __imp__memcpy              1000c050     msvcrt:MSVCR100.dll
 0002:00000054       __imp___CIsqrt             1000c054     msvcrt:MSVCR100.dll
 0002:00000058       __imp__floor               1000c058     msvcrt:MSVCR100.dll
 0002:0000005c       __imp___CIpow              1000c05c     msvcrt:MSVCR100.dll
 0002:00000060       __imp___CIcos              1000c060     msvcrt:MSVCR100.dll
 0002:00000064       __imp___except_handler4_common 1000c064     msvcrt:MSVCR100.dll
 0002:00000068       __imp___onexit             1000c068     msvcrt:MSVCR100.dll
 0002:0000006c       __imp___lock               1000c06c     msvcrt:MSVCR100.dll
 0002:00000070       __imp____dllonexit         1000c070     msvcrt:MSVCR100.dll
 0002:00000074       __imp___unlock             1000c074     msvcrt:MSVCR100.dll
 0002:00000078       __imp____clean_type_info_names_internal 1000c078     msvcrt:MSVCR100.dll
 0002:0000007c       __imp__ceil                1000c07c     msvcrt:MSVCR100.dll
 0002:00000080       __imp__free                1000c080     msvcrt:MSVCR100.dll
 0002:00000084       __imp__rand                1000c084     msvcrt:MSVCR100.dll
 0002:00000088       __imp___malloc_crt         1000c088     msvcrt:MSVCR100.dll
 0002:0000008c       __imp___encoded_null       1000c08c     msvcrt:MSVCR100.dll
 0002:00000090       __imp___initterm           1000c090     msvcrt:MSVCR100.dll
 0002:00000094       __imp___initterm_e         1000c094     msvcrt:MSVCR100.dll
 0002:00000098       __imp___amsg_exit          1000c098     msvcrt:MSVCR100.dll
 0002:0000009c       __imp____CppXcptFilter     1000c09c     msvcrt:MSVCR100.dll
 0002:000000a0       __imp___crt_debugger_hook  1000c0a0     msvcrt:MSVCR100.dll
 0002:000000a4       \177MSVCR100_NULL_THUNK_DATA 1000c0a4     msvcrt:MSVCR100.dll
 0002:000000a8       __imp_?il2ResizeImage@@YGEPAUILimage@@IIIEE@Z 1000c0a8     resil:ResIL.dll
 0002:000000ac       __imp_?il2GetClear@@YGXPAXII@Z 1000c0ac     resil:ResIL.dll
 0002:000000b0       __imp_?iFlipBuffer@@YGXPAEIII@Z 1000c0b0     resil:ResIL.dll
 0002:000000b4       __imp_?ilGetBppPal@@YGEI@Z 1000c0b4     resil:ResIL.dll
 0002:000000b8       __imp_?il2ClearImage@@YGEPAUILimage@@@Z 1000c0b8     resil:ResIL.dll
 0002:000000bc       __imp_?il2ConvertPal@@YGEPAUILimage@@I@Z 1000c0bc     resil:ResIL.dll
 0002:000000c0       __imp_?iConvertImage@@YGPAUILimage@@PAU1@II@Z 1000c0c0     resil:ResIL.dll
 0002:000000c4       __imp_?iMirror@@YGEPAUILimage@@@Z 1000c0c4     resil:ResIL.dll
 0002:000000c8       __imp_?il2LoadImage@@YGEPAUILimage@@PB_W@Z 1000c0c8     resil:ResIL.dll
 0002:000000cc       __imp_?il2GenImage@@YGPAUILimage@@XZ 1000c0cc     resil:ResIL.dll
 0002:000000d0       __imp_?il2DeleteImage@@YGXPAUILimage@@@Z 1000c0d0     resil:ResIL.dll
 0002:000000d4       __imp_?il2TexImage@@YGEPAUILimage@@IIIEIIPAX@Z 1000c0d4     resil:ResIL.dll
 0002:000000d8       __imp_?icalloc@@YGPAXII@Z  1000c0d8     resil:ResIL.dll
 0002:000000dc       __imp_?il2NewImage@@YGPAUILimage@@IIIEE@Z 1000c0dc     resil:ResIL.dll
 0002:000000e0       __imp_?ilSetCurImage@@YGXPAUILimage@@@Z 1000c0e0     resil:ResIL.dll
 0002:000000e4       __imp_?ialloc@@YGPAXI@Z    1000c0e4     resil:ResIL.dll
 0002:000000e8       __imp_?il2ConvertImage@@YGEPAUILimage@@II@Z 1000c0e8     resil:ResIL.dll
 0002:000000ec       __imp_?il2CopyPixels@@YGIPAUILimage@@IIIIIIIIPAX@Z 1000c0ec     resil:ResIL.dll
 0002:000000f0       __imp_?il2GetImageInteger@@YGXPAUILimage@@IPAH@Z 1000c0f0     resil:ResIL.dll
 0002:000000f4       __imp_?ilCloseImage@@YGXPAX@Z 1000c0f4     resil:ResIL.dll
 0002:000000f8       __imp_?ifree@@YGXPBX@Z     1000c0f8     resil:ResIL.dll
 0002:000000fc       __imp_?il2CopyImageAttr@@YGEPAUILimage@@0@Z 1000c0fc     resil:ResIL.dll
 0002:00000100       __imp_?ilGetPalBaseType@@YGII@Z 1000c100     resil:ResIL.dll
 0002:00000104       __imp_?il2SetError@@YGXI@Z 1000c104     resil:ResIL.dll
 0002:00000108       __imp_?ilGetCurImage@@YGPAUILimage@@XZ 1000c108     resil:ResIL.dll
 0002:0000010c       __imp_?ilDeleteImages@@YGXIPBI@Z 1000c10c     resil:ResIL.dll
 0002:00000110       __imp_?ilLoadImage@@YGEPB_W@Z 1000c110     resil:ResIL.dll
 0002:00000114       __imp_?ilGetCurName@@YGIXZ 1000c114     resil:ResIL.dll
 0002:00000118       __imp_?ilBindImage@@YGXI@Z 1000c118     resil:ResIL.dll
 0002:0000011c       __imp_?ilGenImages@@YGXIPAI@Z 1000c11c     resil:ResIL.dll
 0002:00000120       \177ResIL_NULL_THUNK_DATA  1000c120     resil:ResIL.dll
 0002:00000124       ___xc_a                    1000c124     msvcrt:cinitexe.obj
 0002:00000128       ___xc_z                    1000c128     msvcrt:cinitexe.obj
 0002:0000012c       ___xi_a                    1000c12c     msvcrt:cinitexe.obj
 0002:00000138       ___xi_z                    1000c138     msvcrt:cinitexe.obj
 0002:0000015c       __pDefaultRawDllMain       1000c15c     msvcrt:crtdll.obj
 0002:0000015c       __pRawDllMain              1000c15c     msvcrt:crtdll.obj
 0002:00000168       ??_C@_1CA@HMNFICHN@?$AAe?$AAr?$AAr?$AAe?$AAu?$AAr?$AA?5?$AAi?$AAn?$AAc?$AAo?$AAn?$AAn?$AAu?$AAe?$AA?$AA@ 1000c168     ilu_error.obj
 0002:00000188       ??_C@_1BK@BGAHMHKP@?$AAp?$AAa?$AAs?$AA?5?$AAd?$AA?8?$AAe?$AAr?$AAr?$AAe?$AAu?$AAr?$AA?$AA@ 1000c188     ilu_error.obj
 0002:000001a4       ??_C@_1DO@ONPCADDD@?$AAe?$AAx?$AAr?$AA?5?$AA?3?$AA?5?$AAe?$AAr?$AAr?$AAe?$AAu?$AAr?$AA?5?$AAd?$AAa?$AAn?$AAs?$AA?5?$AAl?$AAa?$AA?5?$AAl?$AAi?$AAb?$AAr?$AAa?$AAi?$AAr?$AAi?$AAe?$AA?$AA@ 1000c1a4     ilu_error.obj
 0002:000001e4       ??_C@_1DO@PNIGBAC@?$AAj?$AAp?$AA2?$AA?5?$AA?3?$AA?5?$AAe?$AAr?$AAr?$AAe?$AAu?$AAr?$AA?5?$AAd?$AAa?$AAn?$AAs?$AA?5?$AAl?$AAa?$AA?5?$AAl?$AAi?$AAb?$AAr?$AAa?$AAi?$AAr?$AAi?$AAe?$AA?$AA@ 1000c1e4     ilu_error.obj
 0002:00000224       ??_C@_1DO@FINPDFIG@?$AAm?$AAn?$AAg?$AA?5?$AA?3?$AA?5?$AAe?$AAr?$AAr?$AAe?$AAu?$AAr?$AA?5?$AAd?$AAa?$AAn?$AAs?$AA?5?$AAl?$AAa?$AA?5?$AAl?$AAi?$AAb?$AAr?$AAa?$AAi?$AAr?$AAi?$AAe?$AA?$AA@ 1000c224     ilu_error.obj
 0002:00000268       ??_C@_1EA@BDIOGCDK@?$AAt?$AAi?$AAf?$AAf?$AA?5?$AA?3?$AA?5?$AAe?$AAr?$AAr?$AAe?$AAu?$AAr?$AA?5?$AAd?$AAa?$AAn?$AAs?$AA?5?$AAl?$AAa?$AA?5?$AAl?$AAi?$AAb?$AAr?$AAa?$AAi?$AAr?$AAi?$AAe?$AA?$AA@ 1000c268     ilu_error.obj
 0002:000002a8       ??_C@_1DO@FBNBGIHN@?$AAp?$AAn?$AAg?$AA?5?$AA?3?$AA?5?$AAe?$AAr?$AAr?$AAe?$AAu?$AAr?$AA?5?$AAd?$AAa?$AAn?$AAs?$AA?5?$AAl?$AAa?$AA?5?$AAl?$AAi?$AAb?$AAr?$AAa?$AAi?$AAr?$AAi?$AAe?$AA?$AA@ 1000c2a8     ilu_error.obj
 0002:000002e8       ??_C@_1EA@MJACECEO@?$AAj?$AAp?$AAe?$AAg?$AA?5?$AA?3?$AA?5?$AAe?$AAr?$AAr?$AAe?$AAu?$AAr?$AA?5?$AAd?$AAa?$AAn?$AAs?$AA?5?$AAl?$AAa?$AA?5?$AAl?$AAi?$AAb?$AAr?$AAa?$AAi?$AAr?$AAi?$AAe?$AA?$AA@ 1000c2e8     ilu_error.obj
 0002:00000328       ??_C@_1DO@MHPEPJN@?$AAg?$AAi?$AAf?$AA?5?$AA?3?$AA?5?$AAe?$AAr?$AAr?$AAe?$AAu?$AAr?$AA?5?$AAd?$AAa?$AAn?$AAs?$AA?5?$AAl?$AAa?$AA?5?$AAl?$AAi?$AAb?$AAr?$AAa?$AAi?$AAr?$AAi?$AAe?$AA?$AA@ 1000c328     ilu_error.obj
 0002:00000368       ??_C@_1EK@KJFAALIO@?$AAe?$AAr?$AAr?$AAe?$AAu?$AAr?$AA?5?$AAl?$AAo?$AAr?$AAs?$AA?5?$AAd?$AAe?$AA?5?$AAl?$AAa?$AA?5?$AAl?$AAe?$AAc?$AAt?$AAu?$AAr?$AAe?$AA?5?$AAd?$AAu?$AA?5?$AAf?$AAi?$AAc@ 1000c368     ilu_error.obj
 0002:000003b4       ??_C@_1CK@JPEODEBM@?$AAm?$AAa?$AAu?$AAv?$AAa?$AAi?$AAs?$AAe?$AAs?$AA?5?$AAd?$AAi?$AAm?$AAe?$AAn?$AAs?$AAi?$AAo?$AAn?$AAs?$AA?$AA@ 1000c3b4     ilu_error.obj
 0002:000003e0       ??_C@_1CI@GAJKGMML@?$AAc?$AAo?$AAn?$AAv?$AAe?$AAr?$AAs?$AAi?$AAo?$AAn?$AA?5?$AAi?$AAn?$AAv?$AAa?$AAl?$AAi?$AAd?$AAe?$AA?$AA@ 1000c3e0     ilu_error.obj
 0002:00000408       ??_C@_1CO@KKPEJJLG@?$AA?i?$AAq?$AAu?$AAi?$AAv?$AAa?$AAl?$AAe?$AAn?$AAt?$AA?5?$AAh?$AAo?$AAr?$AAs?$AA?9?$AAf?$AAo?$AAr?$AAm?$AAa?$AAt?$AA?$AA@ 1000c408     ilu_error.obj
 0002:00000438       ??_C@_1CM@LKLKDFAK@?$AAf?$AAi?$AAc?$AAh?$AAi?$AAe?$AAr?$AA?5?$AAd?$AA?i?$AAj?$AA?$OA?$AA?5?$AAe?$AAx?$AAi?$AAs?$AAt?$AAa?$AAn?$AAt?$AA?$AA@ 1000c438     ilu_error.obj
 0002:00000464       ??_C@_1CG@MDGPOGHK@?$AAe?$AAx?$AAt?$AAe?$AAn?$AAs?$AAi?$AAo?$AAn?$AA?5?$AAi?$AAn?$AAv?$AAa?$AAl?$AAi?$AAd?$AAe?$AA?$AA@ 1000c464     ilu_error.obj
 0002:0000048c       ??_C@_1DM@PNFDLHBH@?$AAn?$AAe?$AA?5?$AAp?$AAe?$AAu?$AAt?$AA?5?$AAp?$AAa?$AAs?$AA?5?$AAo?$AAu?$AAv?$AAr?$AAi?$AAr?$AA?5?$AAl?$AAe?$AA?5?$AAf?$AAi?$AAc?$AAh?$AAi?$AAe?$AAr?$AA?$AA@ 1000c48c     ilu_error.obj
 0002:000004c8       ??_C@_1CG@HDAOAOHG@?$AAp?$AAa?$AAr?$AAa?$AAm?$AA?h?$AAt?$AAr?$AAe?$AA?5?$AAi?$AAn?$AAv?$AAa?$AAl?$AAi?$AAd?$AAe?$AA?$AA@ 1000c4c8     ilu_error.obj
 0002:000004f0       ??_C@_1DI@OFDPAFNA@?$AAe?$AAn?$AA?9?$AAt?$AA?j?$AAt?$AAe?$AA?5?$AAd?$AAe?$AA?5?$AAf?$AAi?$AAc?$AAh?$AAi?$AAe?$AAr?$AA?5?$AAi?$AAn?$AAv?$AAa?$AAl?$AAi?$AAd?$AAe?$AA?$AA@ 1000c4f0     ilu_error.obj
 0002:00000528       ??_C@_1DG@CBNKDHNN@?$AAv?$AAa?$AAl?$AAe?$AAu?$AAr?$AA?5?$AAd?$AAe?$AA?5?$AAf?$AAi?$AAc?$AAh?$AAi?$AAe?$AAr?$AA?5?$AAi?$AAl?$AAl?$AA?i?$AAg?$AAa?$AAl?$AAe?$AA?$AA@ 1000c528     ilu_error.obj
 0002:00000560       ??_C@_1CG@OAHIJIBB@?$AAo?$AAp?$AA?i?$AAr?$AAa?$AAt?$AAi?$AAo?$AAn?$AA?5?$AAi?$AAl?$AAl?$AA?i?$AAg?$AAa?$AAl?$AAe?$AA?$AA@ 1000c560     ilu_error.obj
 0002:00000588       ??_C@_1CA@NALAPLOH@?$AAv?$AAa?$AAl?$AAe?$AAu?$AAr?$AA?5?$AAi?$AAl?$AAl?$AA?i?$AAg?$AAa?$AAl?$AAe?$AA?$AA@ 1000c588     ilu_error.obj
 0002:000005a8       ??_C@_1BO@NHKDJNKP@?$AAe?$AAr?$AAr?$AAe?$AAu?$AAr?$AA?5?$AAi?$AAn?$AAt?$AAe?$AAr?$AAn?$AAe?$AA?$AA@ 1000c5a8     ilu_error.obj
 0002:000005c8       ??_C@_1CI@NEFCBCMC@?$AAf?$AAo?$AAr?$AAm?$AAa?$AAt?$AA?5?$AAn?$AAo?$AAn?$AA?5?$AAs?$AAu?$AAp?$AAp?$AAo?$AAr?$AAt?$AA?i?$AA?$AA@ 1000c5c8     ilu_error.obj
 0002:000005f0       ??_C@_1CO@KFPCDAPJ@?$AAd?$AA?i?$AAp?$AAa?$AAs?$AAs?$AAe?$AAm?$AAe?$AAn?$AAt?$AA?5?$AAd?$AAe?$AA?5?$AAm?$AA?i?$AAm?$AAo?$AAi?$AAr?$AAe?$AA?$AA@ 1000c5f0     ilu_error.obj
 0002:00000620       ??_C@_1CK@NDELFGJH@?$AA?i?$AAn?$AAu?$AAm?$AA?i?$AAr?$AAa?$AAt?$AAi?$AAo?$AAn?$AA?5?$AAi?$AAn?$AAv?$AAa?$AAl?$AAi?$AAd?$AAe?$AA?$AA@ 1000c620     ilu_error.obj
 0002:0000064c       ??_C@_1CG@IOJFFCEB@?$AAU?$AAn?$AAb?$AAe?$AAk?$AAa?$AAn?$AAn?$AAt?$AAe?$AAr?$AA?5?$AAF?$AAe?$AAh?$AAl?$AAe?$AAr?$AA?$AA@ 1000c64c     ilu_error.obj
 0002:00000674       ??_C@_1BI@BCDJAAKE@?$AAK?$AAe?$AAi?$AAn?$AA?5?$AAF?$AAe?$AAh?$AAl?$AAe?$AAr?$AA?$AA@ 1000c674     ilu_error.obj
 0002:0000068c       ??_C@_1DK@EPDNFEGH@?$AAF?$AAe?$AAh?$AAl?$AAe?$AAr?$AA?5?$AAi?$AAn?$AA?5?$AAd?$AAe?$AAr?$AA?5?$AAe?$AAx?$AAr?$AA?5?$AAB?$AAi?$AAb?$AAl?$AAi?$AAo?$AAt?$AAh?$AAe?$AAk?$AA?$AA@ 1000c68c     ilu_error.obj
 0002:000006c8       ??_C@_1DK@LBMGMJF@?$AAF?$AAe?$AAh?$AAl?$AAe?$AAr?$AA?5?$AAi?$AAn?$AA?5?$AAd?$AAe?$AAr?$AA?5?$AAj?$AAp?$AA2?$AA?5?$AAB?$AAi?$AAb?$AAl?$AAi?$AAo?$AAt?$AAh?$AAe?$AAk?$AA?$AA@ 1000c6c8     ilu_error.obj
 0002:00000704       ??_C@_1DK@OHDPOMJ@?$AAF?$AAe?$AAh?$AAl?$AAe?$AAr?$AA?5?$AAi?$AAn?$AA?5?$AAd?$AAe?$AAr?$AA?5?$AAm?$AAn?$AAg?$AA?5?$AAB?$AAi?$AAb?$AAl?$AAi?$AAo?$AAt?$AAh?$AAe?$AAk?$AA?$AA@ 1000c704     ilu_error.obj
 0002:00000740       ??_C@_1DM@KNFIOOOK@?$AAF?$AAe?$AAh?$AAl?$AAe?$AAr?$AA?5?$AAi?$AAn?$AA?5?$AAd?$AAe?$AAr?$AA?5?$AAt?$AAi?$AAf?$AAf?$AA?5?$AAB?$AAi?$AAb?$AAl?$AAi?$AAo?$AAt?$AAh?$AAe?$AAk?$AA?$AA@ 1000c740     ilu_error.obj
 0002:0000077c       ??_C@_1DK@ILAKLDOC@?$AAF?$AAe?$AAh?$AAl?$AAe?$AAr?$AA?5?$AAi?$AAn?$AA?5?$AAd?$AAe?$AAr?$AA?5?$AAp?$AAn?$AAg?$AA?5?$AAB?$AAi?$AAb?$AAl?$AAi?$AAo?$AAt?$AAh?$AAe?$AAk?$AA?$AA@ 1000c77c     ilu_error.obj
 0002:000007b8       ??_C@_1DM@ILGDMDND@?$AAF?$AAe?$AAh?$AAl?$AAe?$AAr?$AA?5?$AAi?$AAn?$AA?5?$AAd?$AAe?$AAr?$AA?5?$AAj?$AAp?$AAe?$AAg?$AA?5?$AAB?$AAi?$AAb?$AAl?$AAi?$AAo?$AAt?$AAh?$AAe?$AAk?$AA?$AA@ 1000c7b8     ilu_error.obj
 0002:000007f4       ??_C@_1DK@KNNAHDBM@?$AAF?$AAe?$AAh?$AAl?$AAe?$AAr?$AA?5?$AAi?$AAn?$AA?5?$AAd?$AAe?$AAr?$AA?5?$AAg?$AAi?$AAf?$AA?5?$AAB?$AAi?$AAb?$AAl?$AAi?$AAo?$AAt?$AAh?$AAe?$AAk?$AA?$AA@ 1000c7f4     ilu_error.obj
 0002:00000830       ??_C@_1DI@GMKKLKGH@?$AAF?$AAe?$AAh?$AAl?$AAe?$AAr?$AA?5?$AAb?$AAe?$AAi?$AAm?$AA?5?$AAL?$AAe?$AAs?$AAe?$AAn?$AA?5?$AAd?$AAe?$AAr?$AA?5?$AAD?$AAa?$AAt?$AAe?$AAi?$AA?$AA@ 1000c830     ilu_error.obj
 0002:00000868       ??_C@_1DA@IJILAKCO@?$AAU?$AAn?$AAz?$AAu?$AAl?$AA?d?$AAs?$AAs?$AAi?$AAg?$AAe?$AA?5?$AAA?$AAb?$AAm?$AAe?$AAs?$AAs?$AAu?$AAn?$AAg?$AAe?$AAn?$AA?$AA@ 1000c868     ilu_error.obj
 0002:00000898       ??_C@_1DA@BDALIJHE@?$AAU?$AAn?$AAg?$AA?$PM?$AAl?$AAt?$AAi?$AAg?$AAe?$AA?5?$AAK?$AAo?$AAn?$AAv?$AAe?$AAr?$AAt?$AAi?$AAe?$AAr?$AAu?$AAn?$AAg?$AA?$AA@ 1000c898     ilu_error.obj
 0002:000008c8       ??_C@_1CA@FPDJBJPA@?$AAS?$AAt?$AAa?$AAc?$AAk?$AA?5?$AAU?$AAn?$AAt?$AAe?$AAr?$AAl?$AAa?$AAu?$AAf?$AA?$AA@ 1000c8c8     ilu_error.obj
 0002:000008e8       ??_C@_1BO@KLEFMMLO@?$AAS?$AAt?$AAa?$AAc?$AAk?$AA?5?$AA?$NM?$AAb?$AAe?$AAr?$AAl?$AAa?$AAu?$AAf?$AA?$AA@ 1000c8e8     ilu_error.obj
 0002:00000908       ??_C@_1DI@NCGFKKOJ@?$AAD?$AAi?$AAe?$AA?5?$AAD?$AAa?$AAt?$AAe?$AAi?$AA?5?$AAe?$AAx?$AAi?$AAs?$AAt?$AAi?$AAe?$AAr?$AAt?$AA?5?$AAb?$AAe?$AAr?$AAe?$AAi?$AAt?$AAs?$AA?$AA@ 1000c908     ilu_error.obj
 0002:00000940       ??_C@_1CO@MBCEOOLD@?$AAU?$AAn?$AAg?$AA?$PM?$AAl?$AAt?$AAi?$AAg?$AAe?$AAr?$AA?5?$AAE?$AAr?$AAw?$AAe?$AAi?$AAt?$AAe?$AAr?$AAu?$AAn?$AAg?$AA?$AA@ 1000c940     ilu_error.obj
 0002:00000970       ??_C@_1EG@GLCHFCHI@?$AAD?$AAa?$AAt?$AAe?$AAi?$AA?5?$AAk?$AAo?$AAn?$AAn?$AAt?$AAe?$AA?5?$AAn?$AAi?$AAc?$AAh?$AAt?$AA?5?$AAg?$AAe?$AA?v?$AAf?$AAf?$AAn?$AAe?$AAt?$AA?5?$AAw?$AAe?$AAr?$AAd@ 1000c970     ilu_error.obj
 0002:000009b8       ??_C@_1CO@HIHMMEBB@?$AAU?$AAn?$AAz?$AAu?$AAl?$AA?d?$AAs?$AAs?$AAi?$AAg?$AAe?$AAr?$AA?5?$AAP?$AAa?$AAr?$AAa?$AAm?$AAe?$AAt?$AAe?$AAr?$AA?$AA@ 1000c9b8     ilu_error.obj
 0002:000009e8       ??_C@_1DE@MFBPMMOI@?$AAU?$AAn?$AAz?$AAu?$AAl?$AA?d?$AAs?$AAs?$AAi?$AAg?$AAe?$AAr?$AA?5?$AAD?$AAa?$AAt?$AAe?$AAi?$AA?9?$AAH?$AAe?$AAa?$AAd?$AAe?$AAr?$AA?$AA@ 1000c9e8     ilu_error.obj
 0002:00000a1c       ??_C@_1DA@IPDPLFIL@?$AAU?$AAn?$AAz?$AAu?$AAl?$AA?d?$AAs?$AAs?$AAi?$AAg?$AAe?$AAr?$AA?5?$AAD?$AAa?$AAt?$AAe?$AAi?$AA?9?$AAW?$AAe?$AAr?$AAt?$AA?$AA@ 1000ca1c     ilu_error.obj
 0002:00000a4c       ??_C@_1CM@EJAODAH@?$AAU?$AAn?$AAz?$AAu?$AAl?$AA?d?$AAs?$AAs?$AAi?$AAg?$AAe?$AA?5?$AAO?$AAp?$AAe?$AAr?$AAa?$AAt?$AAi?$AAo?$AAn?$AA?$AA@ 1000ca4c     ilu_error.obj
 0002:00000a78       ??_C@_1CA@OBNPBHAH@?$AAU?$AAn?$AAg?$AA?$PM?$AAl?$AAt?$AAi?$AAg?$AAe?$AAr?$AA?5?$AAW?$AAe?$AAr?$AAt?$AA?$AA@ 1000ca78     ilu_error.obj
 0002:00000a98       ??_C@_1CA@PEHIKCPH@?$AAI?$AAn?$AAt?$AAe?$AAr?$AAn?$AAe?$AAr?$AA?5?$AAF?$AAe?$AAh?$AAl?$AAe?$AAr?$AA?$AA@ 1000ca98     ilu_error.obj
 0002:00000ab8       ??_C@_1EO@HGBJJHBF@?$AAD?$AAa?$AAs?$AA?5?$AAF?$AAo?$AAr?$AAm?$AAa?$AAt?$AA?5?$AAw?$AAi?$AAr?$AAd?$AA?5?$AAn?$AAo?$AAc?$AAh?$AA?5?$AAn?$AAi?$AAc?$AAh?$AAt?$AA?5?$AAu?$AAn?$AAt?$AAe?$AAr@ 1000cab8     ilu_error.obj
 0002:00000b08       ??_C@_1DA@HGGGFNED@?$AAK?$AAe?$AAi?$AAn?$AA?5?$AAS?$AAp?$AAe?$AAi?$AAc?$AAh?$AAe?$AAr?$AA?5?$AAv?$AAe?$AAr?$AAf?$AA?$PM?$AAg?$AAb?$AAa?$AAr?$AA?$AA@ 1000cb08     ilu_error.obj
 0002:00000b38       ??_C@_1CM@PBABIAKF@?$AAU?$AAn?$AAg?$AA?$PM?$AAl?$AAt?$AAi?$AAg?$AAe?$AAr?$AA?5?$AAE?$AAn?$AAu?$AAm?$AAe?$AAr?$AAa?$AAt?$AAo?$AAr?$AA?$AA@ 1000cb38     ilu_error.obj
 0002:00000b64       ??_C@_1DC@POGNHGDF@?$AAe?$AAr?$AAr?$AAo?$AAr?$AA?5?$AAe?$AAn?$AA?5?$AAl?$AAa?$AA?5?$AAl?$AAi?$AAb?$AAr?$AAe?$AAr?$AA?m?$AAa?$AA?5?$AAe?$AAx?$AAr?$AA?$AA@ 1000cb64     ilu_error.obj
 0002:00000b98       ??_C@_1DC@FAAKLOMJ@?$AAe?$AAr?$AAr?$AAo?$AAr?$AA?5?$AAe?$AAn?$AA?5?$AAl?$AAa?$AA?5?$AAl?$AAi?$AAb?$AAr?$AAe?$AAr?$AA?m?$AAa?$AA?5?$AAj?$AAp?$AA2?$AA?$AA@ 1000cb98     ilu_error.obj
 0002:00000bcc       ??_C@_1DC@JPMACLKL@?$AAe?$AAr?$AAr?$AAo?$AAr?$AA?5?$AAe?$AAn?$AA?5?$AAl?$AAa?$AA?5?$AAl?$AAi?$AAb?$AAr?$AAe?$AAr?$AA?m?$AAa?$AA?5?$AAm?$AAn?$AAg?$AA?$AA@ 1000cbcc     ilu_error.obj
 0002:00000c00       ??_C@_1DE@OFCANLOD@?$AAe?$AAr?$AAr?$AAo?$AAr?$AA?5?$AAe?$AAn?$AA?5?$AAl?$AAa?$AA?5?$AAl?$AAi?$AAb?$AAr?$AAe?$AAr?$AA?m?$AAa?$AA?5?$AAt?$AAi?$AAf?$AAf?$AA?$AA@ 1000cc00     ilu_error.obj
 0002:00000c34       ??_C@_1DC@HIHOAPFB@?$AAe?$AAr?$AAr?$AAo?$AAr?$AA?5?$AAe?$AAn?$AA?5?$AAl?$AAa?$AA?5?$AAl?$AAi?$AAb?$AAr?$AAe?$AAr?$AA?m?$AAa?$AA?5?$AAp?$AAn?$AAg?$AA?$AA@ 1000cc34     ilu_error.obj
 0002:00000c68       ??_C@_1DE@IBJLFFHD@?$AAe?$AAr?$AAr?$AAo?$AAr?$AA?5?$AAe?$AAn?$AA?5?$AAl?$AAa?$AA?5?$AAl?$AAi?$AAb?$AAr?$AAe?$AAr?$AA?m?$AAa?$AA?5?$AAj?$AAp?$AAe?$AAg?$AA?$AA@ 1000cc68     ilu_error.obj
 0002:00000c9c       ??_C@_1DC@KLLJGALO@?$AAe?$AAr?$AAr?$AAo?$AAr?$AA?5?$AAe?$AAn?$AA?5?$AAl?$AAa?$AA?5?$AAl?$AAi?$AAb?$AAr?$AAe?$AAr?$AA?m?$AAa?$AA?5?$AAg?$AAi?$AAf?$AA?$AA@ 1000cc9c     ilu_error.obj
 0002:00000cd0       ??_C@_1DO@OPNGPCHO@?$AAe?$AAr?$AAr?$AAo?$AAr?$AA?5?$AAd?$AAe?$AA?5?$AAl?$AAe?$AAc?$AAt?$AAu?$AAr?$AAa?$AA?5?$AAe?$AAn?$AA?5?$AAe?$AAl?$AA?5?$AAf?$AAi?$AAc?$AAh?$AAe?$AAr?$AAo?$AA?$AA@ 1000ccd0     ilu_error.obj
 0002:00000d10       ??_C@_1EC@FFNPLEMJ@?$AAn?$AA?z?$AAm?$AAe?$AAr?$AAo?$AA?5?$AAd?$AAe?$AA?5?$AAd?$AAi?$AAm?$AAe?$AAn?$AAs?$AAi?$AAo?$AAn?$AAe?$AAs?$AA?5?$AAi?$AAn?$AAc?$AAo?$AAr?$AAr?$AAe?$AAc?$AAt?$AAo@ 1000cd10     ilu_error.obj
 0002:00000d54       ??_C@_1CM@OMLIENAF@?$AAc?$AAo?$AAn?$AAv?$AAe?$AAr?$AAs?$AAi?$AA?s?$AAn?$AA?5?$AAi?$AAn?$AAc?$AAo?$AAr?$AAr?$AAe?$AAc?$AAt?$AAa?$AA?$AA@ 1000cd54     ilu_error.obj
 0002:00000d80       ??_C@_1EA@NBAJPDEI@?$AAd?$AAe?$AAs?$AAb?$AAo?$AAr?$AAd?$AAa?$AAm?$AAi?$AAe?$AAn?$AAt?$AAo?$AA?5?$AAi?$AAn?$AAf?$AAe?$AAr?$AAi?$AAo?$AAr?$AA?5?$AAd?$AAe?$AA?5?$AAp?$AAi?$AAl?$AAa?$AA?$AA@ 1000cd80     ilu_error.obj
 0002:00000dc0       ??_C@_1EA@IMCEODEG@?$AAd?$AAe?$AAs?$AAb?$AAo?$AAr?$AAd?$AAa?$AAm?$AAi?$AAe?$AAn?$AAt?$AAo?$AA?5?$AAs?$AAu?$AAp?$AAe?$AAr?$AAi?$AAo?$AAr?$AA?5?$AAd?$AAe?$AA?5?$AAp?$AAi?$AAl?$AAa?$AA?$AA@ 1000cdc0     ilu_error.obj
 0002:00000e00       ??_C@_1DM@OFODONCM@?$AAf?$AAo?$AAr?$AAm?$AAa?$AAt?$AAo?$AA?5?$AAd?$AAe?$AA?5?$AAs?$AAa?$AAl?$AAi?$AAd?$AAa?$AA?5?$AAe?$AAq?$AAu?$AAi?$AAv?$AAa?$AAl?$AAe?$AAn?$AAt?$AAe?$AA?$AA@ 1000ce00     ilu_error.obj
 0002:00000e3c       ??_C@_1CK@FMNLDLFO@?$AAe?$AAl?$AA?5?$AAf?$AAi?$AAc?$AAh?$AAe?$AAr?$AAo?$AA?5?$AAy?$AAa?$AA?5?$AAe?$AAx?$AAi?$AAs?$AAt?$AAe?$AA?$AA@ 1000ce3c     ilu_error.obj
 0002:00000e68       ??_C@_1CM@OICMKPO@?$AAe?$AAx?$AAt?$AAe?$AAn?$AAs?$AAi?$AA?s?$AAn?$AA?5?$AAd?$AAe?$AAs?$AAc?$AAo?$AAn?$AAo?$AAc?$AAi?$AAd?$AAa?$AA?$AA@ 1000ce68     ilu_error.obj
 0002:00000e94       ??_C@_1DK@OBJNJFBI@?$AAn?$AAo?$AA?5?$AAs?$AAe?$AA?5?$AAp?$AAu?$AAe?$AAd?$AAe?$AA?5?$AAa?$AAb?$AAr?$AAi?$AAr?$AA?5?$AAe?$AAl?$AA?5?$AAf?$AAi?$AAc?$AAh?$AAe?$AAr?$AAo?$AA?$AA@ 1000ce94     ilu_error.obj
 0002:00000ed0       ??_C@_1CK@FNEFMPJI@?$AAp?$AAa?$AAr?$AA?a?$AAm?$AAe?$AAt?$AAr?$AAo?$AA?5?$AAi?$AAn?$AAc?$AAo?$AAr?$AAr?$AAe?$AAc?$AAt?$AAo?$AA?$AA@ 1000ced0     ilu_error.obj
 0002:00000efc       ??_C@_1CI@CHEAKFPN@?$AAc?$AAa?$AAb?$AAe?$AAc?$AAe?$AAr?$AAa?$AA?5?$AAi?$AAn?$AAc?$AAo?$AAr?$AAr?$AAe?$AAc?$AAt?$AAa?$AA?$AA@ 1000cefc     ilu_error.obj
 0002:00000f24       ??_C@_1DO@DKFFDHIG@?$AAv?$AAa?$AAl?$AAo?$AAr?$AA?5?$AAd?$AAe?$AA?5?$AAf?$AAi?$AAc?$AAh?$AAe?$AAr?$AAo?$AA?5?$AAi?$AAl?$AAe?$AAg?$AAa?$AAI?$AAL?$AA_?$AAT?$AAE?$AAX?$AAT?$AA?$CI?$AA?$AA@ 1000cf24     ilu_error.obj
 0002:00000f64       ??_C@_1DA@HAELOPGN@?$AAo?$AAp?$AAe?$AAr?$AAa?$AAc?$AAi?$AA?s?$AAn?$AA?5?$AAi?$AAl?$AAe?$AAg?$AAa?$AAI?$AAL?$AA_?$AAT?$AAE?$AAX?$AAT?$AA?$CI?$AA?$AA@ 1000cf64     ilu_error.obj
 0002:00000f94       ??_C@_1CC@HCELJPEA@?$AAv?$AAa?$AAl?$AAo?$AAr?$AA?5?$AAi?$AAn?$AAc?$AAo?$AAr?$AAr?$AAe?$AAc?$AAt?$AAo?$AA?$AA@ 1000cf94     ilu_error.obj
 0002:00000fb8       ??_C@_1BM@GDFBBKPK@?$AAe?$AAr?$AAr?$AAo?$AAr?$AA?5?$AAi?$AAn?$AAt?$AAe?$AAr?$AAn?$AAo?$AA?$AA@ 1000cfb8     ilu_error.obj
 0002:00000fd4       ??_C@_1DK@CBIAJMI@?$AAf?$AAo?$AAr?$AAm?$AAa?$AAt?$AAo?$AA?5?$AAn?$AAo?$AA?5?$AAs?$AAo?$AAp?$AAo?$AAr?$AAt?$AAa?$AAd?$AAo?$AA?5?$AAt?$AAo?$AAd?$AAa?$AAv?$AA?m?$AAa?$AA?$AA@ 1000cfd4     ilu_error.obj
 0002:00001010       ??_C@_1DI@LBBCEEKH@?$AAn?$AAo?$AA?5?$AAq?$AAu?$AAe?$AAd?$AAa?$AA?5?$AAm?$AAe?$AAm?$AAo?$AAr?$AAi?$AAa?$AA?5?$AAd?$AAi?$AAs?$AAp?$AAo?$AAn?$AAi?$AAb?$AAl?$AAe?$AA?$AA@ 1000d010     ilu_error.obj
 0002:00001048       ??_C@_1CM@HFICKFIC@?$AAe?$AAn?$AAu?$AAm?$AAe?$AAr?$AAa?$AAd?$AAo?$AAr?$AA?5?$AAi?$AAn?$AAc?$AAo?$AAr?$AAr?$AAe?$AAc?$AAt?$AAo?$AA?$AA@ 1000d048     ilu_error.obj
 0002:00001074       ??_C@_1CG@LCKCFJMA@?$AA?d?$AA?$LI?$AA?$IN?$AA?f?$AC?$NM?$AB?$HN?$AA?c?$AA?$IB?$AA?$KK?$AA?c?5?$BK?$AA?$KI?$AA?c?$AB?$JC?$AA?$KJ?$AA?c?$AB?$JC?$AA?$LM?$AA?$AA@ 1000d074     ilu_error.obj
 0002:0000109c       ??_C@_1CA@OMFFKEBF@?$AA?c?5?$BK?$AA?$KI?$AA?c?$AB?$JC?$AA?$KJ?$AA?c?$AB?$JC?$AA?$LM?$AA?g?5?$BO?$AA?$KB?$AA?c?$AA?$IB?5?$BE?$AA?$AA@ 1000d09c     ilu_error.obj
 0002:000010bc       ??_C@_1DI@LLHNDEOK@?$AAe?$AAx?$AAr?$AA?c?$AB?$JC?$AA?$KJ?$AA?c?5?$BK?$AA?$KE?$AA?c?$AB?$JC?5?$BD?$AA?c?$AB?$JC?$AA?$KJ?$AA?c?$AB?$JC?$AA?$KK?$AA?c?5?$BK?$AA?$KI?$AA?c?$AB?$JC?$AA?$KJ?$AA?c?$AB?$JC?$AA?$LM?$AA?$AA@ 1000d0bc     ilu_error.obj
 0002:000010f4       ??_C@_1DI@KDPIOCJD@?$AAj?$AAp?$AA2?$AA?c?$AB?$JC?$AA?$KJ?$AA?c?5?$BK?$AA?$KE?$AA?c?$AB?$JC?5?$BD?$AA?c?$AB?$JC?$AA?$KJ?$AA?c?$AB?$JC?$AA?$KK?$AA?c?5?$BK?$AA?$KI?$AA?c?$AB?$JC?$AA?$KJ?$AA?c?$AB?$JC?$AA?$LM?$AA?$AA@ 1000d0f4     ilu_error.obj
 0002:0000112c       ??_C@_1DI@HHKGBBGL@?$AAm?$AAn?$AAg?$AA?c?$AB?$JC?$AA?$KJ?$AA?c?5?$BK?$AA?$KE?$AA?c?$AB?$JC?5?$BD?$AA?c?$AB?$JC?$AA?$KJ?$AA?c?$AB?$JC?$AA?$KK?$AA?c?5?$BK?$AA?$KI?$AA?c?$AB?$JC?$AA?$KJ?$AA?c?$AB?$JC?$AA?$LM?$AA?$AA@ 1000d12c     ilu_error.obj
 0002:00001164       ??_C@_1DK@BPLJJBJB@?$AAt?$AAi?$AAf?$AAf?$AA?c?$AB?$JC?$AA?$KJ?$AA?c?5?$BK?$AA?$KE?$AA?c?$AB?$JC?5?$BD?$AA?c?$AB?$JC?$AA?$KJ?$AA?c?$AB?$JC?$AA?$KK?$AA?c?5?$BK?$AA?$KI?$AA?c?$AB?$JC?$AA?$KJ?$AA?c?$AB?$JC?$AA?$LM?$AA?$AA@ 1000d164     ilu_error.obj
 0002:000011a0       ??_C@_1DI@PCOPOIGJ@?$AAp?$AAn?$AAg?$AA?c?$AB?$JC?$AA?$KJ?$AA?c?5?$BK?$AA?$KE?$AA?c?$AB?$JC?5?$BD?$AA?c?$AB?$JC?$AA?$KJ?$AA?c?$AB?$JC?$AA?$KK?$AA?c?5?$BK?$AA?$KI?$AA?c?$AB?$JC?$AA?$KJ?$AA?c?$AB?$JC?$AA?$LM?$AA?$AA@ 1000d1a0     ilu_error.obj
 0002:000011d8       ??_C@_1DK@KOJIJMNO@?$AAj?$AAp?$AAe?$AAg?$AA?c?$AB?$JC?$AA?$KJ?$AA?c?5?$BK?$AA?$KE?$AA?c?$AB?$JC?5?$BD?$AA?c?$AB?$JC?$AA?$KJ?$AA?c?$AB?$JC?$AA?$KK?$AA?c?5?$BK?$AA?$KI?$AA?c?$AB?$JC?$AA?$KJ?$AA?c?$AB?$JC?$AA?$LM?$AA?$AA@ 1000d1d8     ilu_error.obj
 0002:00001214       ??_C@_1DI@MNJAAIHC@?$AAg?$AAi?$AAf?$AA?c?$AB?$JC?$AA?$KJ?$AA?c?5?$BK?$AA?$KE?$AA?c?$AB?$JC?5?$BD?$AA?c?$AB?$JC?$AA?$KJ?$AA?c?$AB?$JC?$AA?$KK?$AA?c?5?$BK?$AA?$KI?$AA?c?$AB?$JC?$AA?$KJ?$AA?c?$AB?$JC?$AA?$LM?$AA?$AA@ 1000d214     ilu_error.obj
 0002:00001250       ??_C@_1EE@EKCBBPOD@?$AA?c?$AB?$JC?5?$CC?$AA?c?5?$BK?$AA?$KB?$AA?c?5?$BK?$AA?$KE?$AA?c?$AB?$JC?$AA?$KL?$AA?h?$AA?$KK?$AA?$KN?$AA?c?$AA?$IB?$AA?$LP?$AA?h?$AA?$LO?$AA?$LM?$AA?c?$AA?$IB?$AA?$LP?$AA?c?5?$BK?$AA?$KI?$AA?c?$AB?$JC?$AA?$KJ?$AA?c?$AB?$JC@ 1000d250     ilu_error.obj
 0002:00001294       ??_C@_1CG@BLBKCOJL@?$AA?d?$AA?$LI?$AA?$IN?$AA?f?$AA?$KN?$AA?$KD?$AA?c?$AA?$IB?$AA?$KK?$AA?c?5?$BK?$AA?$LF?$AA?c?5?$BK?$AA?$KE?$AA?c?5?$BK?$AA?$LK?$AA?$AA@ 1000d294     ilu_error.obj
 0002:000012bc       ??_C@_1CA@FEANMDFM@?$AA?g?5?$BO?$AA?$KB?$AA?e?$AB?$GA?$AA?$LJ?$AA?c?$AA?$IB?$AA?$KK?$AA?e?$AA?$KE?50?$AA?f?$AA?$IP?5?3?$AA?$AA@ 1000d2bc     ilu_error.obj
 0002:000012e0       ??_C@_1EE@LPMPICCB@?$AA?c?5?$BK?$AA?$LJ?$AA?c?5?$BK?$AA?$LP?$AA?c?$AB?$JC?$AB?$JC?$AA?c?5?$BK?$AA?$KP?$AA?c?5?$BK?$AA?$KC?$AA?c?$AB?$JC?$AA?$LD?$AA?c?$AB?$JC?5?$KM?$AA?c?$AB?$JC?$AA?$LM?$AA?c?$AB?$JC?5?$CC?$AA?c?$AB?$JC?$AA?$KN?$AA?c?$AB?$JC@ 1000d2e0     ilu_error.obj
 0002:00001328       ??_C@_1EE@FPCBADOL@?$AA?c?5?$BK?$AA?$LJ?$AA?c?5?$BK?$AA?$LP?$AA?c?$AB?$JC?$AB?$JC?$AA?c?5?$BK?$AA?$KP?$AA?c?5?$BK?$AA?$KK?$AA?c?$AB?$JC?$AA?$LM?$AA?c?$AB?$JC?$AA?$JA?$AA?c?$AB?$JC?$AA?$LM?$AA?c?$AB?$JC?5?$CC?$AA?c?$AB?$JC?$AA?$KN?$AA?c?$AB?$JC@ 1000d328     ilu_error.obj
 0002:0000136c       ??_C@_1DI@BHNMGBLJ@?$AA?g?$AA?$KN?50?$AA?d?$AA?$LO?$AA?$KB?$AA?c?$AB?$JC?5?$CC?$AA?c?5?$BK?$AA?$KJ?$AA?c?$AB?$JC?$AA?$LM?$AA?c?$AB?$JC?$AB?$HO?$AA?c?$AB?$JC?$AB?$JC?$AA?c?$AB?$JC?$AC?F?$AA?e?$AA?$KE?5?$BD?$AA?$AA@ 1000d36c     ilu_error.obj
 0002:000013a8       ??_C@_1FG@EECEGNDK@?$AA?c?$AB?$JC?5?$CC?$AA?c?5?$BK?$AA?$KB?$AA?c?5?$BK?$AA?$KE?$AA?c?$AB?$JC?$AA?$KL?$AA?c?$AA?$IB?$AA?$KP?$AA?f?5?$BE?$AA?$KC?$AA?c?$AA?$IB?$AA?$KL?$AA?e?$AA?$KN?$AC?$NM?$AA?e?$ABS?$AA?$KI?$AA?c?$AA?$IB?5?$BE?$AA?c?$AA?$IB@ 1000d3a8     ilu_error.obj
 0002:00001400       ??_C@_1CG@HLODKLIA@?$AA?g?5?$BO?$AA?$KB?$AA?e?$AB?$GA?$AA?$LJ?$AA?c?$AA?$IB?$AA?$KK?$AA?f?59?$AA?$KB?$AA?e?$AA?$LM?$AA?$LF?$AA?e?$AA?$KN?$AA?$JA?$AA?$AA@ 1000d400     ilu_error.obj
 0002:00001428       ??_C@_1DO@BPLLCEAF@?$AA?c?$AB?$JC?5?$CC?$AA?c?5?$BK?$AA?$KB?$AA?c?5?$BK?$AA?$KE?$AA?c?$AB?$JC?$AA?$KL?$AA?c?$AA?$IB?$ABR?$AA?i?5?$BD?59?$AA?c?$AA?$IB?5?$BI?$AA?c?$AA?$IB?$AA?$LO?$AA?c?$AA?$IB?5?3?$AA?c?5?$BK?5?$BM?$AA?$AA@ 1000d428     ilu_error.obj
 0002:00001468       ??_C@_1CM@EKIFNCCF@?$AA?g?5?$BO?$AA?$KB?$AA?e?$AB?$GA?$AA?$LJ?$AA?c?$AA?$IB?$AA?$KK?$AA?c?$AB?$JC?5?$BI?$AA?c?$AB?$JC?$AA?$KJ?$AA?c?$AB?$JC?$AA?$KB?$AA?c?5?$BK?$AA?$LP?$AA?$AA@ 1000d468     ilu_error.obj
 0002:00001494       ??_C@_1DO@BCPNLNCK@?$AA?g?5?$BO?$AA?$KB?$AA?e?$AB?$GA?$AA?$LJ?$AA?c?$AA?$IB?$AA?$KK?$AA?c?$AB?$JC?5?$CC?$AA?c?5?$BK?$AA?$KB?$AA?c?5?$BK?$AA?$KE?$AA?c?$AB?$JC?$AA?$KL?$AA?c?$AB?$JC?$AC?$NM?$AA?c?$AB?$JC?$AB?$JC?$AA?c?$AB?$JC?5?$KM?$AA?$AA@ 1000d494     ilu_error.obj
 0002:000014d4       ??_C@_1DI@JNECJNFE@?$AA?d?$AA?$LI?$AA?$IN?$AA?f?$AA?$KN?$AA?$KD?$AA?c?$AA?$IB?$AA?$KK?$AA?c?$AB?$JC?5?$CC?$AA?c?5?$BK?$AA?$KB?$AA?c?5?$BK?$AA?$KE?$AA?c?$AB?$JC?$AA?$KL?$AA?c?$AA?$IB?$AA?$KO?$AA?e?5?$KM?$AA?$KE?$AA?$AA@ 1000d4d4     ilu_error.obj
 0002:0000150c       ??_C@_1DO@KCFEDEHI@?$AA?d?$AA?$LI?$AA?$IN?$AA?f?$AA?$KN?$AA?$KD?$AA?c?$AA?$IB?$AA?$KK?$AA?c?5?$BK?$AA?$KK?$AA?c?$AB?$JC?$ABa?$AA?c?$AB?$JC?$AA?$KM?$AA?c?$AB?$JC?$AA?$LM?$AA?c?5?$BK?$AA?$LH?$AA?c?$AB?$JC?$AA?$KH?$AA?c?$AB?$JC?$AA?$LD?$AA?$AA@ 1000d50c     ilu_error.obj
 0002:0000154c       ??_C@_1BK@LBIDONEM@?$AA?g?5?$BO?$AA?$KB?$AA?e?$AB?$GA?$AA?$LJ?$AA?c?$AA?$IB?$AA?$KK?$AA?e?5?$KM?$AA?$KE?$AA?$AA@ 1000d54c     ilu_error.obj
 0002:00001568       ??_C@_1CA@EPOLEDJJ@?$AA?e?5?5?5?$CG?$AA?i?$AB?$JC?$AA?$KI?$AA?c?5?$BK?$AA?$KI?$AA?c?$AB?$JC?$AA?$KJ?$AA?c?$AB?$JC?$AA?$LM?$AA?$AA@ 1000d568     ilu_error.obj
 0002:00001588       ??_C@_1GO@FMPNMKGJ@?$AA?c?$AA?$IB?$AA?$LO?$AA?c?$AA?$IB?$AA?$KA?$AA?c?5?$BK?$AA?$LF?$AA?c?$AB?$JC?$AA?$JN?$AA?c?$AB?$JC?$AA?$LM?$AA?c?$AB?$JC?$AC?F?$AA?c?$AA?$IB?5?$CC?$AA?c?5?$BK?$ABR?$AA?c?$AA?$IB?$AA?$KG?$AA?c?$AA?$IB?5?$BO?$AA?c?$AA?$IB@ 1000d588     ilu_error.obj
 0002:000015f8       ??_C@_1CA@PNGDEOJD@?$AA?c?$AB?$JC?$AA?$KB?$AA?c?$AB?$JC?$AA?$KC?$AA?c?$AB?$JC?$AA?$KK?$AA?d?$AA?$LI?$AA?$IN?$AA?h?$AA?$LG?$AA?$LD?$AA?$AA@ 1000d5f8     ilu_error.obj
 0002:00001618       ??_C@_1CG@DPLCGFID@?$AA?g?5?$BO?$AA?$KB?$AA?e?$AB?$GA?$AA?$LJ?$AA?c?$AA?$IB?$AA?$KK?$AA?e?$AC?F?5?$BE?$AA?f?$ABR?$CB?$CC?$AA?e?5?$KM?$AA?$KE?$AA?$AA@ 1000d618     ilu_error.obj
 0002:00001640       ??_C@_1BM@PJCGNPCB@?$AAu?$AAn?$AAk?$AAn?$AAo?$AAw?$AAn?$AA?5?$AAe?$AAr?$AAr?$AAo?$AAr?$AA?$AA@ 1000d640     ilu_error.obj
 0002:0000165c       ??_C@_1BC@IIGBHFMG@?$AAn?$AAo?$AA?5?$AAe?$AAr?$AAr?$AAo?$AAr?$AA?$AA@ 1000d65c     ilu_error.obj
 0002:00001670       ??_C@_1CE@COEBJKLC@?$AAe?$AAx?$AAr?$AA?5?$AAl?$AAi?$AAb?$AAr?$AAa?$AAr?$AAy?$AA?5?$AAe?$AAr?$AAr?$AAo?$AAr?$AA?$AA@ 1000d670     ilu_error.obj
 0002:00001694       ??_C@_1CE@IIFHDMKA@?$AAj?$AAp?$AA2?$AA?5?$AAl?$AAi?$AAb?$AAr?$AAa?$AAr?$AAy?$AA?5?$AAe?$AAr?$AAr?$AAo?$AAr?$AA?$AA@ 1000d694     ilu_error.obj
 0002:000016b8       ??_C@_1CE@DNFDKFOC@?$AAm?$AAn?$AAg?$AA?5?$AAl?$AAi?$AAb?$AAr?$AAa?$AAr?$AAy?$AA?5?$AAe?$AAr?$AAr?$AAo?$AAr?$AA?$AA@ 1000d6b8     ilu_error.obj
 0002:000016dc       ??_C@_1CG@BMLLHHIC@?$AAt?$AAi?$AAf?$AAf?$AA?5?$AAl?$AAi?$AAb?$AAr?$AAa?$AAr?$AAy?$AA?5?$AAe?$AAr?$AAr?$AAo?$AAr?$AA?$AA@ 1000d6dc     ilu_error.obj
 0002:00001704       ??_C@_1CE@BJCPKJC@?$AAp?$AAn?$AAg?$AA?5?$AAl?$AAi?$AAb?$AAr?$AAa?$AAr?$AAy?$AA?5?$AAe?$AAr?$AAr?$AAo?$AAr?$AA?$AA@ 1000d704     ilu_error.obj
 0002:00001728       ??_C@_1CG@BNHFIPKA@?$AAj?$AAp?$AAe?$AAg?$AA?5?$AAl?$AAi?$AAb?$AAr?$AAa?$AAr?$AAy?$AA?5?$AAe?$AAr?$AAr?$AAo?$AAr?$AA?$AA@ 1000d728     ilu_error.obj
 0002:00001750       ??_C@_1CE@LCDGAJIP@?$AAg?$AAi?$AAf?$AA?5?$AAl?$AAi?$AAb?$AAr?$AAa?$AAr?$AAy?$AA?5?$AAe?$AAr?$AAr?$AAo?$AAr?$AA?$AA@ 1000d750     ilu_error.obj
 0002:00001774       ??_C@_1CA@EIFDJBOE@?$AAf?$AAi?$AAl?$AAe?$AA?5?$AAr?$AAe?$AAa?$AAd?$AA?5?$AAe?$AAr?$AAr?$AAo?$AAr?$AA?$AA@ 1000d774     ilu_error.obj
 0002:00001794       ??_C@_1BO@FOHEDCED@?$AAb?$AAa?$AAd?$AA?5?$AAd?$AAi?$AAm?$AAe?$AAn?$AAs?$AAi?$AAo?$AAn?$AAs?$AA?$AA@ 1000d794     ilu_error.obj
 0002:000017b4       ??_C@_1CG@MKADAEIE@?$AAi?$AAn?$AAv?$AAa?$AAl?$AAi?$AAd?$AA?5?$AAc?$AAo?$AAn?$AAv?$AAe?$AAr?$AAs?$AAi?$AAo?$AAn?$AA?$AA@ 1000d7b4     ilu_error.obj
 0002:000017dc       ??_C@_1CA@FPJPDOKI@?$AAs?$AAt?$AAa?$AAc?$AAk?$AA?5?$AAu?$AAn?$AAd?$AAe?$AAr?$AAf?$AAl?$AAo?$AAw?$AA?$AA@ 1000d7dc     ilu_error.obj
 0002:000017fc       ??_C@_1BO@IJEMINHH@?$AAs?$AAt?$AAa?$AAc?$AAk?$AA?5?$AAo?$AAv?$AAe?$AAr?$AAf?$AAl?$AAo?$AAw?$AA?$AA@ 1000d7fc     ilu_error.obj
 0002:0000181c       ??_C@_1CI@JJPAMJDE@?$AAf?$AAi?$AAl?$AAe?$AA?5?$AAa?$AAl?$AAr?$AAe?$AAa?$AAd?$AAy?$AA?5?$AAe?$AAx?$AAi?$AAs?$AAt?$AAs?$AA?$AA@ 1000d81c     ilu_error.obj
 0002:00001844       ??_C@_1CE@FIDIOFI@?$AAi?$AAn?$AAv?$AAa?$AAl?$AAi?$AAd?$AA?5?$AAe?$AAx?$AAt?$AAe?$AAn?$AAs?$AAi?$AAo?$AAn?$AA?$AA@ 1000d844     ilu_error.obj
 0002:00001868       ??_C@_1CI@PNPENFJK@?$AAc?$AAo?$AAu?$AAl?$AAd?$AA?5?$AAn?$AAo?$AAt?$AA?5?$AAo?$AAp?$AAe?$AAn?$AA?5?$AAf?$AAi?$AAl?$AAe?$AA?$AA@ 1000d868     ilu_error.obj
 0002:00001890       ??_C@_1CE@FDJGJLIM@?$AAi?$AAn?$AAv?$AAa?$AAl?$AAi?$AAd?$AA?5?$AAp?$AAa?$AAr?$AAa?$AAm?$AAe?$AAt?$AAe?$AAr?$AA?$AA@ 1000d890     ilu_error.obj
 0002:000018b4       ??_C@_1CI@CKHAEECK@?$AAi?$AAn?$AAv?$AAa?$AAl?$AAi?$AAd?$AA?5?$AAf?$AAi?$AAl?$AAe?$AA?5?$AAh?$AAe?$AAa?$AAd?$AAe?$AAr?$AA?$AA@ 1000d8b4     ilu_error.obj
 0002:000018dc       ??_C@_1CG@CAODKLOC@?$AAi?$AAl?$AAl?$AAe?$AAg?$AAa?$AAl?$AA?5?$AAf?$AAi?$AAl?$AAe?$AA?5?$AAv?$AAa?$AAl?$AAu?$AAe?$AA?$AA@ 1000d8dc     ilu_error.obj
 0002:00001904       ??_C@_1CE@GIOFLKOI@?$AAi?$AAl?$AAl?$AAe?$AAg?$AAa?$AAl?$AA?5?$AAo?$AAp?$AAe?$AAr?$AAa?$AAt?$AAi?$AAo?$AAn?$AA?$AA@ 1000d904     ilu_error.obj
 0002:00001928       ??_C@_1BM@KNOHGDIE@?$AAi?$AAn?$AAv?$AAa?$AAl?$AAi?$AAd?$AA?5?$AAv?$AAa?$AAl?$AAu?$AAe?$AA?$AA@ 1000d928     ilu_error.obj
 0002:00001944       ??_C@_1BO@JGHPIJJK@?$AAi?$AAn?$AAt?$AAe?$AAr?$AAn?$AAa?$AAl?$AA?5?$AAe?$AAr?$AAr?$AAo?$AAr?$AA?$AA@ 1000d944     ilu_error.obj
 0002:00001964       ??_C@_1DC@LCIPDJNP@?$AAf?$AAo?$AAr?$AAm?$AAa?$AAt?$AA?5?$AAn?$AAo?$AAt?$AA?5?$AAs?$AAu?$AAp?$AAp?$AAo?$AAr?$AAt?$AAe?$AAd?$AA?5?$AAy?$AAe?$AAt?$AA?$AA@ 1000d964     ilu_error.obj
 0002:00001998       ??_C@_1BM@BMAPKJHF@?$AAo?$AAu?$AAt?$AA?5?$AAo?$AAf?$AA?5?$AAm?$AAe?$AAm?$AAo?$AAr?$AAy?$AA?$AA@ 1000d998     ilu_error.obj
 0002:000019b4       ??_C@_1CE@BCAFBLJ@?$AAi?$AAn?$AAv?$AAa?$AAl?$AAi?$AAd?$AA?5?$AAe?$AAn?$AAu?$AAm?$AAe?$AAr?$AAa?$AAn?$AAt?$AA?$AA@ 1000d9b4     ilu_error.obj
 0002:000019d8       ??_C@_1BO@BJDEMPII@?$AAo?$AAn?$AAb?$AAe?$AAk?$AAe?$AAn?$AAd?$AAe?$AA?5?$AAf?$AAo?$AAu?$AAt?$AA?$AA@ 1000d9d8     ilu_error.obj
 0002:000019f8       ??_C@_1BE@ELLEKHBC@?$AAg?$AAe?$AAe?$AAn?$AA?5?$AAf?$AAo?$AAu?$AAt?$AA?$AA@ 1000d9f8     ilu_error.obj
 0002:00001a0c       ??_C@_1DA@HFPELOMN@?$AAf?$AAo?$AAu?$AAt?$AA?5?$AAi?$AAn?$AA?5?$AAe?$AAx?$AAr?$AA?5?$AAb?$AAi?$AAb?$AAl?$AAi?$AAo?$AAt?$AAh?$AAe?$AAe?$AAk?$AA?$AA@ 1000da0c     ilu_error.obj
 0002:00001a3c       ??_C@_1DA@HLHMMBEN@?$AAf?$AAo?$AAu?$AAt?$AA?5?$AAi?$AAn?$AA?5?$AAj?$AAp?$AA2?$AA?5?$AAb?$AAi?$AAb?$AAl?$AAi?$AAo?$AAt?$AAh?$AAe?$AAe?$AAk?$AA?$AA@ 1000da3c     ilu_error.obj
 0002:00001a6c       ??_C@_1DA@HDHDCEBC@?$AAf?$AAo?$AAu?$AAt?$AA?5?$AAi?$AAn?$AA?5?$AAm?$AAn?$AAg?$AA?5?$AAb?$AAi?$AAb?$AAl?$AAi?$AAo?$AAt?$AAh?$AAe?$AAe?$AAk?$AA?$AA@ 1000da6c     ilu_error.obj
 0002:00001a9c       ??_C@_1DC@CAPGNEEG@?$AAf?$AAo?$AAu?$AAt?$AA?5?$AAi?$AAn?$AA?5?$AAt?$AAi?$AAf?$AAf?$AA?5?$AAb?$AAi?$AAb?$AAl?$AAi?$AAo?$AAt?$AAh?$AAe?$AAe?$AAk?$AA?$AA@ 1000da9c     ilu_error.obj
 0002:00001ad0       ??_C@_1DA@NGOGBCP@?$AAf?$AAo?$AAu?$AAt?$AA?5?$AAi?$AAn?$AA?5?$AAp?$AAn?$AAg?$AA?5?$AAb?$AAi?$AAb?$AAl?$AAi?$AAo?$AAt?$AAh?$AAe?$AAe?$AAk?$AA?$AA@ 1000dad0     ilu_error.obj
 0002:00001b00       ??_C@_1DC@GLKNCDLC@?$AAf?$AAo?$AAu?$AAt?$AA?5?$AAi?$AAn?$AA?5?$AAj?$AAp?$AAe?$AAg?$AA?5?$AAb?$AAi?$AAb?$AAl?$AAi?$AAo?$AAt?$AAh?$AAe?$AAe?$AAk?$AA?$AA@ 1000db00     ilu_error.obj
 0002:00001b34       ??_C@_1DA@BMDFEJHG@?$AAf?$AAo?$AAu?$AAt?$AA?5?$AAi?$AAn?$AA?5?$AAg?$AAi?$AAf?$AA?5?$AAb?$AAi?$AAb?$AAl?$AAi?$AAo?$AAt?$AAh?$AAe?$AAe?$AAk?$AA?$AA@ 1000db34     ilu_error.obj
 0002:00001b64       ??_C@_1CI@BBHOKBNC@?$AAL?$AAe?$AAe?$AAs?$AAf?$AAo?$AAu?$AAt?$AA?5?$AAi?$AAn?$AA?5?$AAb?$AAe?$AAs?$AAt?$AAa?$AAn?$AAd?$AA?$AA@ 1000db64     ilu_error.obj
 0002:00001b8c       ??_C@_1CG@JNCKHOAF@?$AAs?$AAl?$AAe?$AAc?$AAh?$AAt?$AAe?$AA?5?$AAa?$AAf?$AAm?$AAe?$AAt?$AAi?$AAn?$AAg?$AAe?$AAn?$AA?$AA@ 1000db8c     ilu_error.obj
 0002:00001bb4       ??_C@_1CI@LFJMNLPM@?$AAo?$AAn?$AAg?$AAe?$AAl?$AAd?$AAi?$AAg?$AAe?$AA?5?$AAo?$AAm?$AAz?$AAe?$AAt?$AAt?$AAi?$AAn?$AAg?$AA?$AA@ 1000dbb4     ilu_error.obj
 0002:00001bdc       ??_C@_1CK@PLLKABCL@?$AAs?$AAt?$AAa?$AAp?$AAe?$AAl?$AA?5?$AAo?$AAn?$AAd?$AAe?$AAr?$AAs?$AAt?$AAr?$AAo?$AAm?$AAi?$AAn?$AAg?$AA?$AA@ 1000dbdc     ilu_error.obj
 0002:00001c08       ??_C@_1CI@CPFECHMH@?$AAs?$AAt?$AAa?$AAp?$AAe?$AAl?$AA?5?$AAo?$AAv?$AAe?$AAr?$AAs?$AAt?$AAr?$AAo?$AAm?$AAi?$AAn?$AAg?$AA?$AA@ 1000dc08     ilu_error.obj
 0002:00001c30       ??_C@_1DI@LOPIGHEA@?$AAu?$AAi?$AAt?$AAg?$AAa?$AAa?$AAn?$AAd?$AA?5?$AAf?$AAo?$AAr?$AAm?$AAa?$AAa?$AAt?$AA?5?$AAe?$AAq?$AAu?$AAi?$AAv?$AAa?$AAl?$AAe?$AAn?$AAt?$AA?$AA@ 1000dc30     ilu_error.obj
 0002:00001c68       ??_C@_1CM@OKHKECGG@?$AAB?$AAe?$AAs?$AAt?$AAa?$AAn?$AAd?$AA?5?$AAb?$AAe?$AAs?$AAt?$AAa?$AAa?$AAt?$AA?5?$AAr?$AAe?$AAe?$AAd?$AAs?$AA?$AA@ 1000dc68     ilu_error.obj
 0002:00001c94       ??_C@_1BE@LCGIKMOB@?$AAo?$AAn?$AAg?$AAe?$AAl?$AAd?$AAi?$AAg?$AAe?$AA?$AA@ 1000dc94     ilu_error.obj
 0002:00001ca8       ??_C@_1DI@CHFHPILJ@?$AAK?$AAa?$AAn?$AA?5?$AAh?$AAe?$AAt?$AA?5?$AAb?$AAe?$AAs?$AAt?$AAa?$AAn?$AAd?$AA?5?$AAn?$AAi?$AAe?$AAt?$AA?5?$AAo?$AAp?$AAe?$AAn?$AAe?$AAn?$AA?$AA@ 1000dca8     ilu_error.obj
 0002:00001ce0       ??_C@_1CI@NOFPCGDE@?$AAO?$AAn?$AAg?$AAe?$AAl?$AAd?$AAi?$AAg?$AAe?$AA?5?$AAp?$AAa?$AAr?$AAa?$AAm?$AAe?$AAt?$AAe?$AAr?$AA?$AA@ 1000dce0     ilu_error.obj
 0002:00001d08       ??_C@_1CI@CKOFGPEF@?$AAF?$AAo?$AAu?$AAt?$AAe?$AA?5?$AAb?$AAe?$AAs?$AAt?$AAa?$AAn?$AAd?$AAs?$AAb?$AAe?$AAg?$AAi?$AAn?$AA?$AA@ 1000dd08     ilu_error.obj
 0002:00001d30       ??_C@_1CK@DALIPNHP@?$AAF?$AAo?$AAu?$AAt?$AAe?$AA?5?$AAb?$AAe?$AAs?$AAt?$AAa?$AAn?$AAd?$AAs?$AAw?$AAa?$AAa?$AAr?$AAd?$AAe?$AA?$AA@ 1000dd30     ilu_error.obj
 0002:00001d5c       ??_C@_1CA@OMNHALEG@?$AAF?$AAo?$AAu?$AAt?$AAe?$AA?5?$AAb?$AAe?$AAw?$AAe?$AAr?$AAk?$AAi?$AAn?$AAg?$AA?$AA@ 1000dd5c     ilu_error.obj
 0002:00001d7c       ??_C@_1CC@BNHNEJBH@?$AAO?$AAn?$AAg?$AAe?$AAl?$AAd?$AAi?$AAg?$AAe?$AA?5?$AAw?$AAa?$AAa?$AAr?$AAd?$AAe?$AA?$AA@ 1000dd7c     ilu_error.obj
 0002:00001da0       ??_C@_1BK@IAHOFMGB@?$AAI?$AAn?$AAt?$AAe?$AAr?$AAn?$AAe?$AA?5?$AAf?$AAo?$AAu?$AAt?$AA?$AA@ 1000dda0     ilu_error.obj
 0002:00001dc0       ??_C@_1EE@MMILIJIF@?$AAF?$AAo?$AAr?$AAm?$AAa?$AAt?$AA?5?$AAw?$AAo?$AAr?$AAd?$AAt?$AA?5?$AAn?$AAo?$AAg?$AA?5?$AAn?$AAi?$AAe?$AAt?$AA?5?$AAo?$AAn?$AAd?$AAe?$AAr?$AAs?$AAt?$AAe?$AAu?$AAn@ 1000ddc0     ilu_error.obj
 0002:00001e04       ??_C@_1DA@FKGAOINK@?$AAG?$AAe?$AAe?$AAn?$AA?5?$AAv?$AAr?$AAi?$AAj?$AA?5?$AAg?$AAe?$AAh?$AAe?$AAu?$AAg?$AAe?$AAn?$AA?5?$AAm?$AAe?$AAe?$AAr?$AA?$AA@ 1000de04     ilu_error.obj
 0002:00001e34       ??_C@_1CI@IMOJOMAB@?$AAO?$AAn?$AAg?$AAe?$AAl?$AAd?$AAi?$AAg?$AAe?$AA?5?$AAe?$AAn?$AAu?$AAm?$AAe?$AAr?$AAa?$AAn?$AAt?$AA?$AA@ 1000de34     ilu_error.obj
 0002:00001e5c       ??_C@_1DC@NJMLPFEF@?$AA?X?$AA?$KO?$AA?X?$AA?$LH?$AA?X?$AA?$KD?$AA?5?$AA?X?$AA?$LK?$AA?Y?$AB?$GA?$AA?X?$AA?$LB?$AA?5?$AA?Y?5?$CG?$AA?X?$AA?$LJ?$AA?X?$AA?$LB?$AA?Y?$AC?F?$AA?Y?$AA?$IB?$AA?$AA@ 1000de5c     ilu_error.obj
 0002:00001e90       ??_C@_1CI@DDNPLLDD@?$AA?Y?5?$BO?$AA?X?$AA?$KH?$AA?Y?$AB?$GA?$AA?Y?$AC?F?$AA?X?$AA?$KM?$AA?X?$AA?$KP?$AA?5?$AA?X?$AA?$KO?$AA?X?$AA?$LH?$AA?X?$AA?$KD?$AA?$AA@ 1000de90     ilu_error.obj
 0002:00001eb8       ??_C@_1DG@KBECJPIG@?$AA?X?$AA?$KO?$AA?X?$AA?$LH?$AA?X?$AA?$KD?$AA?5?$AA?Y?$AA?$IB?$AA?Y?$AB?$GA?$AA?5?$AA?Y?5?$CG?$AA?Y?$AB?$JC?$AA?X?$AA?$KK?$AA?X?$AA?$KI?$AA?X?$AA?$KJ?$AA?5?$AAe?$AAx?$AAr?$AA?$AA@ 1000deb8     ilu_error.obj
 0002:00001ef0       ??_C@_1DG@PCFFHHK@?$AA?X?$AA?$KO?$AA?X?$AA?$LH?$AA?X?$AA?$KD?$AA?5?$AA?Y?$AA?$IB?$AA?Y?$AB?$GA?$AA?5?$AA?Y?5?$CG?$AA?Y?$AB?$JC?$AA?X?$AA?$KK?$AA?X?$AA?$KI?$AA?X?$AA?$KJ?$AA?5?$AAj?$AAp?$AA2?$AA?$AA@ 1000def0     ilu_error.obj
 0002:00001f28       ??_C@_1DG@MAOPMCBI@?$AA?X?$AA?$KO?$AA?X?$AA?$LH?$AA?X?$AA?$KD?$AA?5?$AA?Y?$AA?$IB?$AA?Y?$AB?$GA?$AA?5?$AA?Y?5?$CG?$AA?Y?$AB?$JC?$AA?X?$AA?$KK?$AA?X?$AA?$KI?$AA?X?$AA?$KJ?$AA?5?$AAm?$AAn?$AAg?$AA?$AA@ 1000df28     ilu_error.obj
 0002:00001f60       ??_C@_1DI@PDBOCDGL@?$AA?X?$AA?$KO?$AA?X?$AA?$LH?$AA?X?$AA?$KD?$AA?5?$AA?Y?$AA?$IB?$AA?Y?$AB?$GA?$AA?5?$AA?Y?5?$CG?$AA?Y?$AB?$JC?$AA?X?$AA?$KK?$AA?X?$AA?$KI?$AA?X?$AA?$KJ?$AA?5?$AAt?$AAi?$AAf?$AAf?$AA?$AA@ 1000df60     ilu_error.obj
 0002:00001f98       ??_C@_1DG@CHFBOGOC@?$AA?X?$AA?$KO?$AA?X?$AA?$LH?$AA?X?$AA?$KD?$AA?5?$AA?Y?$AA?$IB?$AA?Y?$AB?$GA?$AA?5?$AA?Y?5?$CG?$AA?Y?$AB?$JC?$AA?X?$AA?$KK?$AA?X?$AA?$KI?$AA?X?$AA?$KJ?$AA?5?$AAp?$AAn?$AAg?$AA?$AA@ 1000df98     ilu_error.obj
 0002:00001fd0       ??_C@_1DI@JHKFKNPL@?$AA?X?$AA?$KO?$AA?X?$AA?$LH?$AA?X?$AA?$KD?$AA?5?$AA?Y?$AA?$IB?$AA?Y?$AB?$GA?$AA?5?$AA?Y?5?$CG?$AA?Y?$AB?$JC?$AA?X?$AA?$KK?$AA?X?$AA?$KI?$AA?X?$AA?$KJ?$AA?5?$AAj?$AAp?$AAe?$AAg?$AA?$AA@ 1000dfd0     ilu_error.obj
 0002:00002008       ??_C@_1DG@PEJGIJAN@?$AA?X?$AA?$KO?$AA?X?$AA?$LH?$AA?X?$AA?$KD?$AA?5?$AA?Y?$AA?$IB?$AA?Y?$AB?$GA?$AA?5?$AA?Y?5?$CG?$AA?Y?$AB?$JC?$AA?X?$AA?$KK?$AA?X?$AA?$KI?$AA?X?$AA?$KJ?$AA?5?$AAg?$AAi?$AAf?$AA?$AA@ 1000e008     ilu_error.obj
 0002:00002040       ??_C@_1FO@JKALNGNB@?$AA?X?$AA?$KN?$AA?X?$AA?$KP?$AA?X?$AA?$KL?$AA?5?$AA?X?$AA?$KO?$AA?X?$AA?$LH?$AA?X?$AA?$KD?$AA?5?$AA?X?$AA?$KD?$AA?X?$AA?$KL?$AA?Y?5?5?$AA?X?$AA?$KH?$AA?X?$AA?$KB?$AA?5?$AA?Y?5?$BK?$AA?X?$AA?$LB?$AA?X?$AA?$KH?$AA?X@ 1000e040     ilu_error.obj
 0002:000020a0       ??_C@_1CM@ODKJEFOH@?$AA?X?$AA?$KD?$AA?X?$AA?$KI?$AA?X?$AA?$LJ?$AA?X?$AA?$KH?$AA?X?$AA?$KP?$AA?5?$AA?X?$AA?$KO?$AA?X?$AA?$KH?$AA?X?$AA?$LH?$AA?X?$AA?$KG?$AA?X?$AA?$KJ?$AA?$AA@ 1000e0a0     ilu_error.obj
 0002:000020cc       ??_C@_1CI@KHPOOPFL@?$AA?X?$AA?$KK?$AA?X?$AA?$KN?$AA?Y?$AC?F?$AA?Y?$AB?$GA?$AA?Y?5?$BO?$AA?5?$AA?X?$AA?$KO?$AA?X?$AA?$KH?$AA?X?$AA?$LH?$AA?X?$AA?$KG?$AA?$AA@ 1000e0cc     ilu_error.obj
 0002:000020f8       ??_C@_1EK@OOCHNAMJ@?$AA?X?$AA?$KH?$AA?Y?5?$BO?$AA?Y?5?$CG?$AA?Y?$AB?$JC?$AA?X?$AA?$KP?$AA?X?$AA?$LD?$AA?5?$AA?$CI?$AA?X?$AA?$KH?$AA?Y?5?$BO?$AA?X?$AA?$LD?$AA?X?$AA?$KK?$AA?X?$AA?$KH?$AA?Y?$AB?$JC?$AA?$CJ?$AA?5?$AA?Y?$AA?$IB?$AA?X?$AA?$KH@ 1000e0f8     ilu_error.obj
 0002:00002148       ??_C@_1EM@FEDOAPDH@?$AA?X?$AA?$KH?$AA?Y?5?$BO?$AA?Y?5?$CG?$AA?Y?$AB?$JC?$AA?X?$AA?$KP?$AA?X?$AA?$LD?$AA?$CI?$AA?X?$AA?$KH?$AA?Y?5?$BO?$AA?X?$AA?$LD?$AA?X?$AA?$KK?$AA?X?$AA?$KH?$AA?Y?$AB?$JC?$AA?$CJ?$AA?5?$AA?Y?5?$CG?$AA?Y?5?$CG?$AA?X@ 1000e148     ilu_error.obj
 0002:00002194       ??_C@_1CM@GEOCLFPM@?$AAo?$AAu?$AAt?$AA?5?$AAf?$AAo?$AAr?$AAm?$AAa?$AAt?$AA?5?$AAe?$AAq?$AAu?$AAi?$AAv?$AAa?$AAl?$AAe?$AAn?$AAt?$AA?$AA@ 1000e194     ilu_error.obj
 0002:000021c0       ??_C@_1CM@PMHKHBHM@?$AA?X?$AA?$KH?$AA?Y?5?$BO?$AA?Y?5?$CG?$AA?Y?5?$BO?$AA?Y?$AA?$IB?$AA?5?$AA?Y?5?$CG?$AA?Y?$AC?F?$AA?X?$AA?$KM?$AA?Y?$AC?F?$AA?X?$AA?$KP?$AA?$AA@ 1000e1c0     ilu_error.obj
 0002:000021f0       ??_C@_1EC@ELNGHLII@?$AA?X?$AA?$KH?$AA?Y?5?$CG?$AA?X?$AA?$KK?$AA?X?$AA?$KP?$AA?X?$AA?$KH?$AA?X?$AA?$KP?$AA?5?$AA?X?$AA?$KH?$AA?Y?5?$BO?$AA?Y?5?$CG?$AA?Y?5?$BO?$AA?Y?$AA?$IB?$AA?5?$AA?X?$AA?$KO?$AA?X?$AA?$KH?$AA?X?$AA?$LH?$AA?X?$AA?$KG@ 1000e1f0     ilu_error.obj
 0002:00002234       ??_C@_1DO@BCOLGLII@?$AA?Y?5?$BO?$AA?X?$AA?$KH?$AA?Y?$AB?$GA?$AA?Y?5?$CG?$AA?Y?$AB?$JC?$AA?Y?5?5?$AA?5?$AA?Y?$AA?$IB?$AA?X?$AA?$KK?$AA?X?$AA?$KN?$AA?5?$AA?X?$AA?$KH?$AA?Y?5?$BO?$AA?Y?5?$CG?$AA?Y?5?$BO?$AA?Y?$AA?$IB?$AA?$AA@ 1000e234     ilu_error.obj
 0002:00002278       ??_C@_1FE@FFAJOFFI@?$AA?X?$AA?$KH?$AA?Y?5?$BO?$AA?X?$AA?$KI?$AA?X?$AA?$KH?$AA?X?$AA?$LB?$AA?Y?5?$CG?$AA?X?$AA?$KK?$AA?X?$AA?$LB?$AA?$CI?$AA?X?$AA?$KH?$AA?Y?5?$BO?$AA?Y?5?$CG?$AA?X?$AA?$LJ?$AA?X?$AA?$KH?$AA?Y?5?$CG?$AA?Y?5?$BO?$AA?$CJ@ 1000e278     ilu_error.obj
 0002:000022cc       ??_C@_1DG@PEEOMHCO@?$AA?X?$AA?$LB?$AA?X?$AA?$KD?$AA?X?$AA?$LD?$AA?5?$AA?X?$AA?$KH?$AA?Y?5?$BO?$AA?Y?5?$CG?$AA?Y?5?$BO?$AA?Y?$AA?$IB?$AA?5?$AA?X?$AA?$KO?$AA?X?$AA?$KH?$AA?X?$AA?$LH?$AA?X?$AA?$KG?$AA?$AA@ 1000e2cc     ilu_error.obj
 0002:00002308       ??_C@_1FK@DBCJCMKH@?$AA?X?$AA?$LB?$AA?Y?5?$BK?$AA?Y?5?$CG?$AA?5?$AA?$CI?$AA?Y?5?$BK?$AA?Y?$AB?$GA?$AA?Y?5?$CG?$AA?X?$AA?$KJ?$AA?$CJ?$AA?5?$AA?X?$AA?$KH?$AA?Y?5?$BO?$AA?Y?5?$CG?$AA?Y?5?$BO?$AA?Y?$AA?$IB?$AA?5?$AA?X?$AA?$LK?$AA?Y@ 1000e308     ilu_error.obj
 0002:00002364       ??_C@_1DK@BIMPKKKL@?$AA?X?$AA?$LJ?$AA?Y?5?$CG?$AA?Y?5?$BO?$AA?Y?$AB?$GA?$AA?X?$AA?$KJ?$AA?5?$AA?X?$AA?$LK?$AA?Y?$AB?$GA?$AA?X?$AA?$LB?$AA?5?$AA?X?$AA?$LE?$AA?X?$AA?$LB?$AA?X?$AA?$LJ?$AA?Y?$AB?$GA?$AA?X?$AA?$KJ?$AA?$AA@ 1000e364     ilu_error.obj
 0002:000023a0       ??_C@_1CI@CEMFKKII@?$AA?Y?5?$BK?$AA?Y?$AB?$GA?$AA?Y?5?$CG?$AA?X?$AA?$KJ?$AA?5?$AA?X?$AA?$KO?$AA?X?$AA?$KH?$AA?X?$AA?$LH?$AA?X?$AA?$KG?$AA?X?$AA?$KJ?$AA?$AA@ 1000e3a0     ilu_error.obj
 0002:000023c8       ??_C@_1CE@MCMENKPJ@?$AA?X?$AA?$KO?$AA?X?$AA?$LH?$AA?X?$AA?$KD?$AA?5?$AA?X?$AA?$KP?$AA?X?$AA?$KH?$AA?X?$AA?$KO?$AA?Y?5?$BO?$AA?Y?$AB?$GA?$AA?$AA@ 1000e3c8     ilu_error.obj
 0002:000023f0       ??_C@_1EM@PFABACPB@?$AA?Y?5?5?$AA?X?$AA?$LD?$AA?Y?5?$BK?$AA?5?$AA?X?$AA?$KH?$AA?Y?5?$BO?$AA?X?$AA?$LF?$AA?Y?$AC?F?$AA?X?$AA?$LB?$AA?X?$AA?$KJ?$AA?5?$AA?X?$AA?$LK?$AA?Y?$AB?$GA?$AA?X?$AA?$LB?$AA?5?$AA?Y?5?$CG?$AA?X?$AA?$KP?$AA?X@ 1000e3f0     ilu_error.obj
 0002:00002440       ??_C@_1EC@EDNINNFE@?$AA?X?$AA?$KO?$AA?X?$AA?$KH?$AA?X?$AA?$LB?$AA?X?$AA?$KM?$AA?5?$AA?X?$AA?$KN?$AA?X?$AA?$KP?$AA?Y?$AC?F?$AA?X?$AA?$KP?$AA?5?$AA?X?$AA?$KH?$AA?Y?5?$BO?$AA?X?$AA?$LA?$AA?X?$AA?$KH?$AA?Y?$AB?$JC?$AA?X?$AA?$LB?$AA?X?$AA?$KJ@ 1000e440     ilu_error.obj
 0002:00002484       ??_C@_1CG@FMMCPAGB@?$AAe?$AAn?$AAu?$AAm?$AAe?$AAr?$AAa?$AAn?$AAt?$AA?5?$AA?X?$AA?$KO?$AA?X?$AA?$KH?$AA?X?$AA?$LH?$AA?X?$AA?$KG?$AA?$AA@ 1000e484     ilu_error.obj
 0002:000024b0       ?IL_PI@@3NB                1000e4b0     ilu_internal.obj
 0002:000024b8       ?IL_DEGCONV@@3NB           1000e4b8     ilu_internal.obj
 0002:000025e0       ??_C@_1GA@HHAEFLDO@?$AAD?$AAe?$AAv?$AAe?$AAl?$AAo?$AAp?$AAe?$AAr?$AA?8?$AAs?$AA?5?$AAI?$AAm?$AAa?$AAg?$AAe?$AA?5?$AAL?$AAi?$AAb?$AAr?$AAa?$AAr?$AAy?$AA?5?$AAU?$AAt?$AAi?$AAl?$AAi?$AAt@ 1000e5e0     ilu_states.obj
 0002:00002640       ??_C@_1CC@FLLNLNFB@?$AAA?$AAb?$AAy?$AAs?$AAm?$AAa?$AAl?$AA?5?$AAS?$AAo?$AAf?$AAt?$AAw?$AAa?$AAr?$AAe?$AA?$AA@ 1000e640     ilu_states.obj
 0002:00002668       __real@41f0000000000000    1000e668      CIL library: CIL module
 0002:00002670       __real@4f800000            1000e670      CIL library: CIL module
 0002:00002678       __real@3fe0000000000000    1000e678      CIL library: CIL module
 0002:00002680       __real@43870000            1000e680      CIL library: CIL module
 0002:00002684       __real@43340000            1000e684      CIL library: CIL module
 0002:00002688       __real@42b40000            1000e688      CIL library: CIL module
 0002:00002690       __real@4066800000000000    1000e690      CIL library: CIL module
 0002:00002698       __real@4076800000000000    1000e698      CIL library: CIL module
 0002:000026a0       __real@403e000000000000    1000e6a0      CIL library: CIL module
 0002:000026a8       __real@402e000000000000    1000e6a8      CIL library: CIL module
 0002:000026b0       __real@4024000000000000    1000e6b0      CIL library: CIL module
 0002:000026b8       __real@401c000000000000    1000e6b8      CIL library: CIL module
 0002:000026c0       __real@4025555555555555    1000e6c0      CIL library: CIL module
 0002:000026c8       __real@c034000000000000    1000e6c8      CIL library: CIL module
 0002:000026d0       __real@4028000000000000    1000e6d0      CIL library: CIL module
 0002:000026d8       __real@c002aaaaaaaaaaab    1000e6d8      CIL library: CIL module
 0002:000026e0       __real@4000000000000000    1000e6e0      CIL library: CIL module
 0002:000026e8       __real@4018000000000000    1000e6e8      CIL library: CIL module
 0002:000026f0       __real@4015555555555555    1000e6f0      CIL library: CIL module
 0002:000026f8       __real@c028000000000000    1000e6f8      CIL library: CIL module
 0002:00002700       __real@3fc5555555555555    1000e700      CIL library: CIL module
 0002:00002708       __real@3fe5555555555555    1000e708      CIL library: CIL module
 0002:00002710       __real@3ff8000000000000    1000e710      CIL library: CIL module
 0002:00002718       __real@3fe8000000000000    1000e718      CIL library: CIL module
 0002:00002720       __real@bfe0000000000000    1000e720      CIL library: CIL module
 0002:00002728       __real@4008000000000000    1000e728      CIL library: CIL module
 0002:00002730       __real@40efffe000000000    1000e730      CIL library: CIL module
 0002:00002738       __real@406fe00000000000    1000e738      CIL library: CIL module
 0002:00002740       __real@3e9e00d2            1000e740      CIL library: CIL module
 0002:00002744       __real@3f1c01a3            1000e744      CIL library: CIL module
 0002:00002748       __real@3da7ef9e            1000e748      CIL library: CIL module
 0002:0000274c       __real@34000000            1000e74c      CIL library: CIL module
 0002:00002750       __real@bf800000            1000e750      CIL library: CIL module
 0002:00002758       __real@405fc00000000000    1000e758      CIL library: CIL module
 0002:00002760       __real@40dfffc000000000    1000e760      CIL library: CIL module
 0002:00002768       __real@41e0000000000000    1000e768      CIL library: CIL module
 0002:00002770       __load_config_used         1000e770     msvcrt:loadcfg.obj
 0002:00002810       ___safe_se_handler_table   1000e810     <linker-defined>
 0002:00002814       ___rtc_iaa                 1000e814     msvcrt:_initsect_.obj
 0002:00002818       ___rtc_izz                 1000e818     msvcrt:_initsect_.obj
 0002:0000281c       ___rtc_taa                 1000e81c     msvcrt:_initsect_.obj
 0002:00002820       ___rtc_tzz                 1000e820     msvcrt:_initsect_.obj
 0002:0000288c       __IMPORT_DESCRIPTOR_ResIL  1000e88c     resil:ResIL.dll
 0002:000028a0       __IMPORT_DESCRIPTOR_MSVCR100 1000e8a0     msvcrt:MSVCR100.dll
 0002:000028b4       __IMPORT_DESCRIPTOR_KERNEL32 1000e8b4     kernel32:KERNEL32.dll
 0002:000028c8       __NULL_IMPORT_DESCRIPTOR   1000e8c8     resil:ResIL.dll
 0003:00000000       ___security_cookie         10010000     msvcrt:gs_cookie.obj
 0003:00000004       ___security_cookie_complement 10010004     msvcrt:gs_cookie.obj
 0003:00000008       ___native_dllmain_reason   10010008     msvcrt:natstart.obj
 0003:0000000c       ___native_vcclrit_reason   1001000c     msvcrt:natstart.obj
 0003:00000010       ?_iluVendor@@3PB_WB        10010010     ilu_states.obj
 0003:00000014       ?_iluVersion@@3PB_WB       10010014     ilu_states.obj
 0003:00000018       ?iluFilter@@3IA            10010018     ilu_states.obj
 0003:0000001c       ?iluPlacement@@3IA         1001001c     ilu_states.obj
 0003:00000020       ?iluErrorStringsArabic@@3PAPB_WA 10010020     ilu_error.obj
 0003:00000068       ?iluLibErrorStringsArabic@@3PAPB_WA 10010068     ilu_error.obj
 0003:00000084       ?iluMiscErrorStringsArabic@@3PAPB_WA 10010084     ilu_error.obj
 0003:0000008c       ?iluLibErrorStringsDutch@@3PAPB_WA 1001008c     ilu_error.obj
 0003:000000a8       ?iluErrorStringsDutch@@3PAPB_WA 100100a8     ilu_error.obj
 0003:000000f0       ?iluMiscErrorStringsDutch@@3PAPB_WA 100100f0     ilu_error.obj
 0003:000000f8       ?iluErrorStringsEnglish@@3PAPB_WA 100100f8     ilu_error.obj
 0003:00000140       ?iluLibErrorStringsEnglish@@3PAPB_WA 10010140     ilu_error.obj
 0003:0000015c       ?iluMiscErrorStringsEnglish@@3PAPB_WA 1001015c     ilu_error.obj
 0003:00000164       ?iluLibErrorStringsJapanese@@3PAPB_WA 10010164     ilu_error.obj
 0003:00000180       ?iluErrorStringsJapanese@@3PAPB_WA 10010180     ilu_error.obj
 0003:000001c8       ?iluMiscErrorStringsJapanese@@3PAPB_WA 100101c8     ilu_error.obj
 0003:000001d0       ?iluErrorStringsSpanish@@3PAPB_WA 100101d0     ilu_error.obj
 0003:00000218       ?iluLibErrorStringsSpanish@@3PAPB_WA 10010218     ilu_error.obj
 0003:00000234       ?iluMiscErrorStringsSpanish@@3PAPB_WA 10010234     ilu_error.obj
 0003:0000023c       ?iluLibErrorStringsGerman@@3PAPB_WA 1001023c     ilu_error.obj
 0003:00000258       ?iluErrorStringsGerman@@3PAPB_WA 10010258     ilu_error.obj
 0003:000002a0       ?iluMiscErrorStringsGerman@@3PAPB_WA 100102a0     ilu_error.obj
 0003:000002a8       ?iluErrorStringsFrench@@3PAPB_WA 100102a8     ilu_error.obj
 0003:000002f0       ?iluLibErrorStringsFrench@@3PAPB_WA 100102f0     ilu_error.obj
 0003:0000030c       ?iluMiscErrorStringsFrench@@3PAPB_WA 1001030c     ilu_error.obj
 0003:00000314       ?iluErrorStrings@@3PAPAPB_WA 10010314     ilu_error.obj
 0003:00000330       ?iluLibErrorStrings@@3PAPAPB_WA 10010330     ilu_error.obj
 0003:0000034c       ?iluMiscErrorStrings@@3PAPAPB_WA 1001034c     ilu_error.obj
 0003:0000069c       ?__type_info_root_node@@3U__type_info_node@@A 1001069c     msvcrt:tncleanup.obj
 0003:000006a8       ?iluMiscErrors@@3PAPB_WA   100106a8     ilu_error.obj
 0003:000006ac       ?iluLibErrors@@3PAPB_WA    100106ac     ilu_error.obj
 0003:000006b0       ?iluErrors@@3PAPB_WA       100106b0     ilu_error.obj
 0003:000007e8       ?RegionPointsi@@3PAUILpointi@@A 100107e8     ilu_region.obj
 0003:000007ec       ?RegionPointsf@@3PAUILpointf@@A 100107ec     ilu_region.obj
 0003:000007f0       ?PointNum@@3IA             100107f0     ilu_region.obj
 0003:000007f4       ?iRegionMask@@3PAEA        100107f4     ilu_region.obj
 0003:000007f8       ___sse2_available          100107f8     <common>
 0003:000007fc       ___native_startup_state    100107fc     <common>
 0003:00000800       ___native_startup_lock     10010800     <common>
 0003:00000804       ___onexitend               10010804     <common>
 0003:00000808       ___onexitbegin             10010808     <common>
 0003:0000080c       ___dyn_tls_init_callback   1001080c     <common>

 entry point at        0001:0000a904

 Static symbols

 0001:0000a596       _pre_c_init                1000b596 f   msvcrt:crtdll.obj
 0001:0000a7ee       ___DllMainCRTStartup       1000b7ee f   msvcrt:crtdll.obj
